<?xml version="1.0" encoding="UTF-8"?>
<TestRun id="6102a5e3-dc13-44b3-9c39-ea88febbc8ba" name="lgrodriguez@JLUIS-PC 2012-01-24 18:30:26" runUser="TEAMPRO\lgrodriguez" xmlns="http://microsoft.com/schemas/VisualStudio/TeamTest/2010">
  <TestSettings name="Local" id="e54bb5c5-b0ee-4d9b-bd01-a43e3ea2e8ef">
    <Description>These are default test settings for a local test run.</Description>
    <Deployment enabled="false" runDeploymentRoot="lgrodriguez_JLUIS-PC 2012-01-24 18_30_26">
      <DeploymentItem filename="c:\users\lgrodriguez\documents\visual studio 2010\Projects\CodeKataFizzBuzz\CodeKataFizzBuzz\bin\Debug\CodeKataFizzBuzz.exe" />
    </Deployment>
    <Execution>
      <TestTypeSpecific />
      <AgentRule name="Execution Agents">
      </AgentRule>
    </Execution>
  </TestSettings>
  <Times creation="2012-01-24T18:30:26.8353337+01:00" queuing="2012-01-24T18:30:28.1154617+01:00" start="2012-01-24T18:30:28.2424744+01:00" finish="2012-01-24T18:30:47.9514451+01:00" />
  <ResultSummary outcome="Failed">
    <Counters total="6" executed="6" passed="3" error="0" failed="3" timeout="0" aborted="0" inconclusive="0" passedButRunAborted="0" notRunnable="0" notExecuted="0" disconnected="0" warning="0" completed="0" inProgress="0" pending="0" />
  </ResultSummary>
  <TestDefinitions>
    <UnitTest name="ZeroNumber_PrintFizzBuzzTest" storage="c:\users\lgrodriguez\documents\visual studio 2010\projects\codekatafizzbuzz\codekatafizzbuzz_test\bin\debug\codekatafizzbuzz_test.dll" id="0801d06f-ae66-d25a-a2d3-8958e18a08c8">
      <Execution id="f6fbd198-823c-4bf0-8251-c8a3bf2d2c20" />
      <TestMethod codeBase="c:/users/lgrodriguez/documents/visual studio 2010/Projects/CodeKataFizzBuzz/CodeKataFizzBuzz_Test/bin/Debug/CodeKataFizzBuzz_Test.DLL" adapterTypeName="Microsoft.VisualStudio.TestTools.TestTypes.Unit.UnitTestAdapter, Microsoft.VisualStudio.QualityTools.Tips.UnitTest.Adapter, Version=10.0.0.0, Culture=neutral, PublicKeyToken=b03f5f7f11d50a3a" className="CodeKataFizzBuzz_Test.NumberTest, CodeKataFizzBuzz_Test, Version=1.0.0.0, Culture=neutral, PublicKeyToken=null" name="ZeroNumber_PrintFizzBuzzTest" />
    </UnitTest>
    <UnitTest name="FizzBuzzNumber_PrintFizzBuzzTest" storage="c:\users\lgrodriguez\documents\visual studio 2010\projects\codekatafizzbuzz\codekatafizzbuzz_test\bin\debug\codekatafizzbuzz_test.dll" id="e2917c5e-8edb-05b8-8a56-d8ba7a6da49c">
      <Execution id="07e1ca83-175d-4500-81bc-3cace75ac4ae" />
      <TestMethod codeBase="c:/users/lgrodriguez/documents/visual studio 2010/Projects/CodeKataFizzBuzz/CodeKataFizzBuzz_Test/bin/Debug/CodeKataFizzBuzz_Test.DLL" adapterTypeName="Microsoft.VisualStudio.TestTools.TestTypes.Unit.UnitTestAdapter, Microsoft.VisualStudio.QualityTools.Tips.UnitTest.Adapter, Version=10.0.0.0, Culture=neutral, PublicKeyToken=b03f5f7f11d50a3a" className="CodeKataFizzBuzz_Test.NumberTest, CodeKataFizzBuzz_Test, Version=1.0.0.0, Culture=neutral, PublicKeyToken=null" name="FizzBuzzNumber_PrintFizzBuzzTest" />
    </UnitTest>
    <UnitTest name="FizzNumber_PrintFizzBuzzTest" storage="c:\users\lgrodriguez\documents\visual studio 2010\projects\codekatafizzbuzz\codekatafizzbuzz_test\bin\debug\codekatafizzbuzz_test.dll" id="a9b76ba3-76c1-eaab-57b3-9c0ff1f6c242">
      <Execution id="5ba0dfd6-65a3-4f80-b369-a6e943d977c8" />
      <TestMethod codeBase="c:/users/lgrodriguez/documents/visual studio 2010/Projects/CodeKataFizzBuzz/CodeKataFizzBuzz_Test/bin/Debug/CodeKataFizzBuzz_Test.DLL" adapterTypeName="Microsoft.VisualStudio.TestTools.TestTypes.Unit.UnitTestAdapter, Microsoft.VisualStudio.QualityTools.Tips.UnitTest.Adapter, Version=10.0.0.0, Culture=neutral, PublicKeyToken=b03f5f7f11d50a3a" className="CodeKataFizzBuzz_Test.NumberTest, CodeKataFizzBuzz_Test, Version=1.0.0.0, Culture=neutral, PublicKeyToken=null" name="FizzNumber_PrintFizzBuzzTest" />
    </UnitTest>
    <UnitTest name="ThreeNumbers_PrintFizzBuzzTest" storage="c:\users\lgrodriguez\documents\visual studio 2010\projects\codekatafizzbuzz\codekatafizzbuzz_test\bin\debug\codekatafizzbuzz_test.dll" id="5280af30-12ca-5649-80cf-2007ca7d85a3">
      <Execution id="8a0c1e84-04b1-4c98-b493-1041171816b3" />
      <TestMethod codeBase="c:/users/lgrodriguez/documents/visual studio 2010/Projects/CodeKataFizzBuzz/CodeKataFizzBuzz_Test/bin/Debug/CodeKataFizzBuzz_Test.DLL" adapterTypeName="Microsoft.VisualStudio.TestTools.TestTypes.Unit.UnitTestAdapter, Microsoft.VisualStudio.QualityTools.Tips.UnitTest.Adapter, Version=10.0.0.0, Culture=neutral, PublicKeyToken=b03f5f7f11d50a3a" className="CodeKataFizzBuzz_Test.NumberTest, CodeKataFizzBuzz_Test, Version=1.0.0.0, Culture=neutral, PublicKeyToken=null" name="ThreeNumbers_PrintFizzBuzzTest" />
    </UnitTest>
    <UnitTest name="FizzAndBuzzNumber_PrintFizzBuzzTest" storage="c:\users\lgrodriguez\documents\visual studio 2010\projects\codekatafizzbuzz\codekatafizzbuzz_test\bin\debug\codekatafizzbuzz_test.dll" id="af824488-1218-7033-a7b7-5cdff2745de4">
      <Execution id="069e326d-cfe8-4fba-b594-b8446945253e" />
      <TestMethod codeBase="c:/users/lgrodriguez/documents/visual studio 2010/Projects/CodeKataFizzBuzz/CodeKataFizzBuzz_Test/bin/Debug/CodeKataFizzBuzz_Test.DLL" adapterTypeName="Microsoft.VisualStudio.TestTools.TestTypes.Unit.UnitTestAdapter, Microsoft.VisualStudio.QualityTools.Tips.UnitTest.Adapter, Version=10.0.0.0, Culture=neutral, PublicKeyToken=b03f5f7f11d50a3a" className="CodeKataFizzBuzz_Test.NumberTest, CodeKataFizzBuzz_Test, Version=1.0.0.0, Culture=neutral, PublicKeyToken=null" name="FizzAndBuzzNumber_PrintFizzBuzzTest" />
    </UnitTest>
    <UnitTest name="TwoNumbers_PrintFizzBuzzTest" storage="c:\users\lgrodriguez\documents\visual studio 2010\projects\codekatafizzbuzz\codekatafizzbuzz_test\bin\debug\codekatafizzbuzz_test.dll" id="ee077f22-12de-be45-b120-fc0356edf5fc">
      <Execution id="b81237f2-5a18-4d9f-808c-6c008ff0313d" />
      <TestMethod codeBase="c:/users/lgrodriguez/documents/visual studio 2010/Projects/CodeKataFizzBuzz/CodeKataFizzBuzz_Test/bin/Debug/CodeKataFizzBuzz_Test.DLL" adapterTypeName="Microsoft.VisualStudio.TestTools.TestTypes.Unit.UnitTestAdapter, Microsoft.VisualStudio.QualityTools.Tips.UnitTest.Adapter, Version=10.0.0.0, Culture=neutral, PublicKeyToken=b03f5f7f11d50a3a" className="CodeKataFizzBuzz_Test.NumberTest, CodeKataFizzBuzz_Test, Version=1.0.0.0, Culture=neutral, PublicKeyToken=null" name="TwoNumbers_PrintFizzBuzzTest" />
    </UnitTest>
  </TestDefinitions>
  <TestLists>
    <TestList name="Results Not in a List" id="8c84fa94-04c1-424b-9868-57a2d4851a1d" />
    <TestList name="All Loaded Results" id="19431567-8539-422a-85d7-44ee4e166bda" />
  </TestLists>
  <TestEntries>
    <TestEntry testId="0801d06f-ae66-d25a-a2d3-8958e18a08c8" executionId="f6fbd198-823c-4bf0-8251-c8a3bf2d2c20" testListId="8c84fa94-04c1-424b-9868-57a2d4851a1d" />
    <TestEntry testId="5280af30-12ca-5649-80cf-2007ca7d85a3" executionId="8a0c1e84-04b1-4c98-b493-1041171816b3" testListId="8c84fa94-04c1-424b-9868-57a2d4851a1d" />
    <TestEntry testId="a9b76ba3-76c1-eaab-57b3-9c0ff1f6c242" executionId="5ba0dfd6-65a3-4f80-b369-a6e943d977c8" testListId="8c84fa94-04c1-424b-9868-57a2d4851a1d" />
    <TestEntry testId="af824488-1218-7033-a7b7-5cdff2745de4" executionId="069e326d-cfe8-4fba-b594-b8446945253e" testListId="8c84fa94-04c1-424b-9868-57a2d4851a1d" />
    <TestEntry testId="e2917c5e-8edb-05b8-8a56-d8ba7a6da49c" executionId="07e1ca83-175d-4500-81bc-3cace75ac4ae" testListId="8c84fa94-04c1-424b-9868-57a2d4851a1d" />
    <TestEntry testId="ee077f22-12de-be45-b120-fc0356edf5fc" executionId="b81237f2-5a18-4d9f-808c-6c008ff0313d" testListId="8c84fa94-04c1-424b-9868-57a2d4851a1d" />
  </TestEntries>
  <Results>
    <UnitTestResult executionId="f6fbd198-823c-4bf0-8251-c8a3bf2d2c20" testId="0801d06f-ae66-d25a-a2d3-8958e18a08c8" testName="ZeroNumber_PrintFizzBuzzTest" computerName="JLUIS-PC" duration="00:00:00.0265000" startTime="2012-01-24T18:30:28.2994801+01:00" endTime="2012-01-24T18:30:29.6196121+01:00" testType="13cdc9d9-ddb5-4fa4-a97d-d965ccfc6d4b" outcome="Passed" testListId="8c84fa94-04c1-424b-9868-57a2d4851a1d" relativeResultsDirectory="f6fbd198-823c-4bf0-8251-c8a3bf2d2c20">
    </UnitTestResult>
    <UnitTestResult executionId="8a0c1e84-04b1-4c98-b493-1041171816b3" testId="5280af30-12ca-5649-80cf-2007ca7d85a3" testName="ThreeNumbers_PrintFizzBuzzTest" computerName="JLUIS-PC" duration="00:00:00.0004798" startTime="2012-01-24T18:30:29.6366138+01:00" endTime="2012-01-24T18:30:29.6476149+01:00" testType="13cdc9d9-ddb5-4fa4-a97d-d965ccfc6d4b" outcome="Passed" testListId="8c84fa94-04c1-424b-9868-57a2d4851a1d" relativeResultsDirectory="8a0c1e84-04b1-4c98-b493-1041171816b3">
    </UnitTestResult>
    <UnitTestResult executionId="5ba0dfd6-65a3-4f80-b369-a6e943d977c8" testId="a9b76ba3-76c1-eaab-57b3-9c0ff1f6c242" testName="FizzNumber_PrintFizzBuzzTest" computerName="JLUIS-PC" duration="00:00:14.4847981" startTime="2012-01-24T18:30:29.6586160+01:00" endTime="2012-01-24T18:30:44.1560656+01:00" testType="13cdc9d9-ddb5-4fa4-a97d-d965ccfc6d4b" outcome="Failed" testListId="8c84fa94-04c1-424b-9868-57a2d4851a1d" relativeResultsDirectory="5ba0dfd6-65a3-4f80-b369-a6e943d977c8">
      <Output>
        <ErrorInfo>
          <Message>Test method CodeKataFizzBuzz_Test.NumberTest.FizzNumber_PrintFizzBuzzTest threw exception: 
System.ArgumentOutOfRangeException: El índice estaba fuera del intervalo. Debe ser un valor no negativo e inferior al tamaño de la colección.
Nombre del parámetro: index</Message>
          <StackTrace>    en System.ThrowHelper.ThrowArgumentOutOfRangeException()
   en System.Collections.Generic.List`1.get_Item(Int32 index)
   en CodeKataFizzBuzz_Test.NumberTest.FizzNumber_PrintFizzBuzzTest() en c:\users\lgrodriguez\documents\visual studio 2010\Projects\CodeKataFizzBuzz\CodeKataFizzBuzz_Test\NumberTest.cs:línea 127
</StackTrace>
        </ErrorInfo>
      </Output>
    </UnitTestResult>
    <UnitTestResult executionId="069e326d-cfe8-4fba-b594-b8446945253e" testId="af824488-1218-7033-a7b7-5cdff2745de4" testName="FizzAndBuzzNumber_PrintFizzBuzzTest" computerName="JLUIS-PC" duration="00:00:01.9072725" startTime="2012-01-24T18:30:44.1660666+01:00" endTime="2012-01-24T18:30:46.0872587+01:00" testType="13cdc9d9-ddb5-4fa4-a97d-d965ccfc6d4b" outcome="Failed" testListId="8c84fa94-04c1-424b-9868-57a2d4851a1d" relativeResultsDirectory="069e326d-cfe8-4fba-b594-b8446945253e">
      <Output>
        <ErrorInfo>
          <Message>Assert.AreEqual failed. Expected:&lt;3&gt;. Actual:&lt;4&gt;. </Message>
          <StackTrace>   en CodeKataFizzBuzz_Test.NumberTest.FizzAndBuzzNumber_PrintFizzBuzzTest() en c:\users\lgrodriguez\documents\visual studio 2010\Projects\CodeKataFizzBuzz\CodeKataFizzBuzz_Test\NumberTest.cs:línea 147
</StackTrace>
        </ErrorInfo>
      </Output>
    </UnitTestResult>
    <UnitTestResult executionId="07e1ca83-175d-4500-81bc-3cace75ac4ae" testId="e2917c5e-8edb-05b8-8a56-d8ba7a6da49c" testName="FizzBuzzNumber_PrintFizzBuzzTest" computerName="JLUIS-PC" duration="00:00:01.7450907" startTime="2012-01-24T18:30:46.0972597+01:00" endTime="2012-01-24T18:30:47.8544354+01:00" testType="13cdc9d9-ddb5-4fa4-a97d-d965ccfc6d4b" outcome="Failed" testListId="8c84fa94-04c1-424b-9868-57a2d4851a1d" relativeResultsDirectory="07e1ca83-175d-4500-81bc-3cace75ac4ae">
      <Output>
        <ErrorInfo>
          <Message>Assert.AreEqual failed. Expected:&lt;3&gt;. Actual:&lt;4&gt;. </Message>
          <StackTrace>   en CodeKataFizzBuzz_Test.NumberTest.FizzBuzzNumber_PrintFizzBuzzTest() en c:\users\lgrodriguez\documents\visual studio 2010\Projects\CodeKataFizzBuzz\CodeKataFizzBuzz_Test\NumberTest.cs:línea 168
</StackTrace>
        </ErrorInfo>
      </Output>
    </UnitTestResult>
    <UnitTestResult executionId="b81237f2-5a18-4d9f-808c-6c008ff0313d" testId="ee077f22-12de-be45-b120-fc0356edf5fc" testName="TwoNumbers_PrintFizzBuzzTest" computerName="JLUIS-PC" duration="00:00:00.0004203" startTime="2012-01-24T18:30:47.8674367+01:00" endTime="2012-01-24T18:30:47.8844384+01:00" testType="13cdc9d9-ddb5-4fa4-a97d-d965ccfc6d4b" outcome="Passed" testListId="8c84fa94-04c1-424b-9868-57a2d4851a1d" relativeResultsDirectory="b81237f2-5a18-4d9f-808c-6c008ff0313d">
    </UnitTestResult>
  </Results>
</TestRun>