<?xml version="1.0" encoding="UTF-8"?>
<TestRun id="f163e58f-bd54-4d39-8169-47adbede3b12" name="lgrodriguez@JLUIS-PC 2012-01-24 18:25:07" runUser="TEAMPRO\lgrodriguez" xmlns="http://microsoft.com/schemas/VisualStudio/TeamTest/2010">
  <TestSettings name="Local" id="e54bb5c5-b0ee-4d9b-bd01-a43e3ea2e8ef">
    <Description>These are default test settings for a local test run.</Description>
    <Deployment enabled="false" runDeploymentRoot="lgrodriguez_JLUIS-PC 2012-01-24 18_25_07">
      <DeploymentItem filename="c:\users\lgrodriguez\documents\visual studio 2010\Projects\CodeKataFizzBuzz\CodeKataFizzBuzz\bin\Debug\CodeKataFizzBuzz.exe" />
    </Deployment>
    <Execution>
      <TestTypeSpecific />
      <AgentRule name="Execution Agents">
      </AgentRule>
    </Execution>
  </TestSettings>
  <Times creation="2012-01-24T18:25:07.8034337+01:00" queuing="2012-01-24T18:25:09.1525686+01:00" start="2012-01-24T18:25:09.2455779+01:00" finish="2012-01-24T18:25:10.7657299+01:00" />
  <ResultSummary outcome="Completed">
    <Counters total="4" executed="4" passed="4" error="0" failed="0" timeout="0" aborted="0" inconclusive="0" passedButRunAborted="0" notRunnable="0" notExecuted="0" disconnected="0" warning="0" completed="0" inProgress="0" pending="0" />
  </ResultSummary>
  <TestDefinitions>
    <UnitTest name="FizzNumber_PrintFizzBuzzTest" storage="c:\users\lgrodriguez\documents\visual studio 2010\projects\codekatafizzbuzz\codekatafizzbuzz_test\bin\debug\codekatafizzbuzz_test.dll" id="a9b76ba3-76c1-eaab-57b3-9c0ff1f6c242">
      <Execution id="d3285d17-3f51-43c3-ba4d-cab77132be58" />
      <TestMethod codeBase="c:/users/lgrodriguez/documents/visual studio 2010/Projects/CodeKataFizzBuzz/CodeKataFizzBuzz_Test/bin/Debug/CodeKataFizzBuzz_Test.DLL" adapterTypeName="Microsoft.VisualStudio.TestTools.TestTypes.Unit.UnitTestAdapter, Microsoft.VisualStudio.QualityTools.Tips.UnitTest.Adapter, Version=10.0.0.0, Culture=neutral, PublicKeyToken=b03f5f7f11d50a3a" className="CodeKataFizzBuzz_Test.NumberTest, CodeKataFizzBuzz_Test, Version=1.0.0.0, Culture=neutral, PublicKeyToken=null" name="FizzNumber_PrintFizzBuzzTest" />
    </UnitTest>
    <UnitTest name="ZeroNumber_PrintFizzBuzzTest" storage="c:\users\lgrodriguez\documents\visual studio 2010\projects\codekatafizzbuzz\codekatafizzbuzz_test\bin\debug\codekatafizzbuzz_test.dll" id="0801d06f-ae66-d25a-a2d3-8958e18a08c8">
      <Execution id="f18f467e-187f-4c82-9521-e4688b2b8475" />
      <TestMethod codeBase="c:/users/lgrodriguez/documents/visual studio 2010/Projects/CodeKataFizzBuzz/CodeKataFizzBuzz_Test/bin/Debug/CodeKataFizzBuzz_Test.DLL" adapterTypeName="Microsoft.VisualStudio.TestTools.TestTypes.Unit.UnitTestAdapter, Microsoft.VisualStudio.QualityTools.Tips.UnitTest.Adapter, Version=10.0.0.0, Culture=neutral, PublicKeyToken=b03f5f7f11d50a3a" className="CodeKataFizzBuzz_Test.NumberTest, CodeKataFizzBuzz_Test, Version=1.0.0.0, Culture=neutral, PublicKeyToken=null" name="ZeroNumber_PrintFizzBuzzTest" />
    </UnitTest>
    <UnitTest name="ThreeNumbers_PrintFizzBuzzTest" storage="c:\users\lgrodriguez\documents\visual studio 2010\projects\codekatafizzbuzz\codekatafizzbuzz_test\bin\debug\codekatafizzbuzz_test.dll" id="5280af30-12ca-5649-80cf-2007ca7d85a3">
      <Execution id="6859b1f6-ce93-477e-97f7-0ae2170555f3" />
      <TestMethod codeBase="c:/users/lgrodriguez/documents/visual studio 2010/Projects/CodeKataFizzBuzz/CodeKataFizzBuzz_Test/bin/Debug/CodeKataFizzBuzz_Test.DLL" adapterTypeName="Microsoft.VisualStudio.TestTools.TestTypes.Unit.UnitTestAdapter, Microsoft.VisualStudio.QualityTools.Tips.UnitTest.Adapter, Version=10.0.0.0, Culture=neutral, PublicKeyToken=b03f5f7f11d50a3a" className="CodeKataFizzBuzz_Test.NumberTest, CodeKataFizzBuzz_Test, Version=1.0.0.0, Culture=neutral, PublicKeyToken=null" name="ThreeNumbers_PrintFizzBuzzTest" />
    </UnitTest>
    <UnitTest name="TwoNumbers_PrintFizzBuzzTest" storage="c:\users\lgrodriguez\documents\visual studio 2010\projects\codekatafizzbuzz\codekatafizzbuzz_test\bin\debug\codekatafizzbuzz_test.dll" id="ee077f22-12de-be45-b120-fc0356edf5fc">
      <Execution id="84510028-6216-4074-84f0-7f772f76be05" />
      <TestMethod codeBase="c:/users/lgrodriguez/documents/visual studio 2010/Projects/CodeKataFizzBuzz/CodeKataFizzBuzz_Test/bin/Debug/CodeKataFizzBuzz_Test.DLL" adapterTypeName="Microsoft.VisualStudio.TestTools.TestTypes.Unit.UnitTestAdapter, Microsoft.VisualStudio.QualityTools.Tips.UnitTest.Adapter, Version=10.0.0.0, Culture=neutral, PublicKeyToken=b03f5f7f11d50a3a" className="CodeKataFizzBuzz_Test.NumberTest, CodeKataFizzBuzz_Test, Version=1.0.0.0, Culture=neutral, PublicKeyToken=null" name="TwoNumbers_PrintFizzBuzzTest" />
    </UnitTest>
  </TestDefinitions>
  <TestLists>
    <TestList name="Results Not in a List" id="8c84fa94-04c1-424b-9868-57a2d4851a1d" />
    <TestList name="All Loaded Results" id="19431567-8539-422a-85d7-44ee4e166bda" />
  </TestLists>
  <TestEntries>
    <TestEntry testId="0801d06f-ae66-d25a-a2d3-8958e18a08c8" executionId="f18f467e-187f-4c82-9521-e4688b2b8475" testListId="8c84fa94-04c1-424b-9868-57a2d4851a1d" />
    <TestEntry testId="5280af30-12ca-5649-80cf-2007ca7d85a3" executionId="6859b1f6-ce93-477e-97f7-0ae2170555f3" testListId="8c84fa94-04c1-424b-9868-57a2d4851a1d" />
    <TestEntry testId="a9b76ba3-76c1-eaab-57b3-9c0ff1f6c242" executionId="d3285d17-3f51-43c3-ba4d-cab77132be58" testListId="8c84fa94-04c1-424b-9868-57a2d4851a1d" />
    <TestEntry testId="ee077f22-12de-be45-b120-fc0356edf5fc" executionId="84510028-6216-4074-84f0-7f772f76be05" testListId="8c84fa94-04c1-424b-9868-57a2d4851a1d" />
  </TestEntries>
  <Results>
    <UnitTestResult executionId="f18f467e-187f-4c82-9521-e4688b2b8475" testId="0801d06f-ae66-d25a-a2d3-8958e18a08c8" testName="ZeroNumber_PrintFizzBuzzTest" computerName="JLUIS-PC" duration="00:00:00.0253693" startTime="2012-01-24T18:25:09.3035837+01:00" endTime="2012-01-24T18:25:10.6287162+01:00" testType="13cdc9d9-ddb5-4fa4-a97d-d965ccfc6d4b" outcome="Passed" testListId="8c84fa94-04c1-424b-9868-57a2d4851a1d" relativeResultsDirectory="f18f467e-187f-4c82-9521-e4688b2b8475">
    </UnitTestResult>
    <UnitTestResult executionId="6859b1f6-ce93-477e-97f7-0ae2170555f3" testId="5280af30-12ca-5649-80cf-2007ca7d85a3" testName="ThreeNumbers_PrintFizzBuzzTest" computerName="JLUIS-PC" duration="00:00:00.0005059" startTime="2012-01-24T18:25:10.6437177+01:00" endTime="2012-01-24T18:25:10.6547188+01:00" testType="13cdc9d9-ddb5-4fa4-a97d-d965ccfc6d4b" outcome="Passed" testListId="8c84fa94-04c1-424b-9868-57a2d4851a1d" relativeResultsDirectory="6859b1f6-ce93-477e-97f7-0ae2170555f3">
    </UnitTestResult>
    <UnitTestResult executionId="d3285d17-3f51-43c3-ba4d-cab77132be58" testId="a9b76ba3-76c1-eaab-57b3-9c0ff1f6c242" testName="FizzNumber_PrintFizzBuzzTest" computerName="JLUIS-PC" duration="00:00:00.0004293" startTime="2012-01-24T18:25:10.6647198+01:00" endTime="2012-01-24T18:25:10.6747208+01:00" testType="13cdc9d9-ddb5-4fa4-a97d-d965ccfc6d4b" outcome="Passed" testListId="8c84fa94-04c1-424b-9868-57a2d4851a1d" relativeResultsDirectory="d3285d17-3f51-43c3-ba4d-cab77132be58">
    </UnitTestResult>
    <UnitTestResult executionId="84510028-6216-4074-84f0-7f772f76be05" testId="ee077f22-12de-be45-b120-fc0356edf5fc" testName="TwoNumbers_PrintFizzBuzzTest" computerName="JLUIS-PC" duration="00:00:00.0003989" startTime="2012-01-24T18:25:10.6857219+01:00" endTime="2012-01-24T18:25:10.6987232+01:00" testType="13cdc9d9-ddb5-4fa4-a97d-d965ccfc6d4b" outcome="Passed" testListId="8c84fa94-04c1-424b-9868-57a2d4851a1d" relativeResultsDirectory="84510028-6216-4074-84f0-7f772f76be05">
    </UnitTestResult>
  </Results>
</TestRun>