<?xml version="1.0" encoding="UTF-8"?>
<TestRun id="143f7037-aede-4716-a399-10ea89379690" name="lgrodriguez@JLUIS-PC 2011-12-15 14:00:30" runUser="TEAMPRO\lgrodriguez" xmlns="http://microsoft.com/schemas/VisualStudio/TeamTest/2010">
  <TestSettings name="Local" id="6e0364cb-68a2-4e01-800d-e15a2f073550">
    <Description>These are default test settings for a local test run.</Description>
    <Deployment enabled="false" runDeploymentRoot="lgrodriguez_JLUIS-PC 2011-12-15 14_00_30">
      <DeploymentItem filename="c:\users\lgrodriguez\documents\visual studio 2010\Projects\CodeKataDecember\CodeKataDecember\bin\Debug\CodeKataDecember.exe" />
    </Deployment>
    <Execution>
      <TestTypeSpecific />
      <AgentRule name="Execution Agents">
      </AgentRule>
    </Execution>
  </TestSettings>
  <Times creation="2011-12-15T14:00:30.4257487+01:00" queuing="2011-12-15T14:00:31.4048047+01:00" start="2011-12-15T14:00:31.5098107+01:00" finish="2011-12-15T14:00:32.8718886+01:00" />
  <ResultSummary outcome="Completed">
    <Counters total="1" executed="1" passed="1" error="0" failed="0" timeout="0" aborted="0" inconclusive="0" passedButRunAborted="0" notRunnable="0" notExecuted="0" disconnected="0" warning="0" completed="0" inProgress="0" pending="0" />
  </ResultSummary>
  <TestDefinitions>
    <UnitTest name="StopTest" storage="c:\users\lgrodriguez\documents\visual studio 2010\projects\codekatadecember\codekatadecember_test\bin\debug\codekatadecember_test.dll" id="613b0b57-97aa-c3f1-4dbb-1c0234756cbd">
      <Execution id="706c9f6a-ba85-4c27-847f-bbf8fc81a1fe" />
      <TestMethod codeBase="c:/users/lgrodriguez/documents/visual studio 2010/Projects/CodeKataDecember/CodeKataDecember_Test/bin/Debug/CodeKataDecember_Test.DLL" adapterTypeName="Microsoft.VisualStudio.TestTools.TestTypes.Unit.UnitTestAdapter, Microsoft.VisualStudio.QualityTools.Tips.UnitTest.Adapter, Version=10.0.0.0, Culture=neutral, PublicKeyToken=b03f5f7f11d50a3a" className="CodeKataDecember_Test.PomodoroTest, CodeKataDecember_Test, Version=1.0.0.0, Culture=neutral, PublicKeyToken=null" name="StopTest" />
    </UnitTest>
  </TestDefinitions>
  <TestLists>
    <TestList name="Results Not in a List" id="8c84fa94-04c1-424b-9868-57a2d4851a1d" />
    <TestList name="All Loaded Results" id="19431567-8539-422a-85d7-44ee4e166bda" />
  </TestLists>
  <TestEntries>
    <TestEntry testId="613b0b57-97aa-c3f1-4dbb-1c0234756cbd" executionId="706c9f6a-ba85-4c27-847f-bbf8fc81a1fe" testListId="8c84fa94-04c1-424b-9868-57a2d4851a1d" />
  </TestEntries>
  <Results>
    <UnitTestResult executionId="706c9f6a-ba85-4c27-847f-bbf8fc81a1fe" testId="613b0b57-97aa-c3f1-4dbb-1c0234756cbd" testName="StopTest" computerName="JLUIS-PC" duration="00:00:00.0251416" startTime="2011-12-15T14:00:31.5788147+01:00" endTime="2011-12-15T14:00:32.8118852+01:00" testType="13cdc9d9-ddb5-4fa4-a97d-d965ccfc6d4b" outcome="Passed" testListId="8c84fa94-04c1-424b-9868-57a2d4851a1d" relativeResultsDirectory="706c9f6a-ba85-4c27-847f-bbf8fc81a1fe">
    </UnitTestResult>
  </Results>
</TestRun>