<?xml version="1.0" encoding="UTF-8"?>
<TestRun id="a1afeb25-44ee-4f62-ad6e-4cb7b9d4711a" name="lgrodriguez@JLUIS-PC 2011-12-01 13:04:33" runUser="TEAMPRO\lgrodriguez" xmlns="http://microsoft.com/schemas/VisualStudio/TeamTest/2010">
  <TestSettings name="Local" id="786f1411-af9e-488b-991b-c71ea8ad9eab">
    <Description>These are default test settings for a local test run.</Description>
    <Deployment enabled="false" runDeploymentRoot="lgrodriguez_JLUIS-PC 2011-12-01 13_04_33">
      <DeploymentItem filename="c:\users\lgrodriguez\documents\visual studio 2010\Projects\CodeKataDuplicatedArray\CodeKataDuplicatedArray\bin\Debug\CodeKataDuplicatedArray.exe" />
    </Deployment>
    <Execution>
      <TestTypeSpecific />
      <AgentRule name="Execution Agents">
      </AgentRule>
    </Execution>
  </TestSettings>
  <Times creation="2011-12-01T13:04:33.6020529+01:00" queuing="2011-12-01T13:04:34.6520529+01:00" start="2011-12-01T13:04:34.7550529+01:00" finish="2011-12-01T13:04:36.3220529+01:00" />
  <ResultSummary outcome="Completed">
    <Counters total="8" executed="8" passed="8" error="0" failed="0" timeout="0" aborted="0" inconclusive="0" passedButRunAborted="0" notRunnable="0" notExecuted="0" disconnected="0" warning="0" completed="0" inProgress="0" pending="0" />
  </ResultSummary>
  <TestDefinitions>
    <UnitTest name="GetDuplicated_Three_Numbers_Test" storage="c:\users\lgrodriguez\documents\visual studio 2010\projects\codekataduplicatedarray\lista_test\bin\debug\lista_test.dll" id="65dd8f66-8c94-737d-c3b8-bbf49bf17816">
      <Execution id="f815ea4e-f7b1-408e-a44d-5e3d5126cc04" />
      <TestMethod codeBase="c:/users/lgrodriguez/documents/visual studio 2010/Projects/CodeKataDuplicatedArray/Lista_Test/bin/Debug/Lista_Test.DLL" adapterTypeName="Microsoft.VisualStudio.TestTools.TestTypes.Unit.UnitTestAdapter, Microsoft.VisualStudio.QualityTools.Tips.UnitTest.Adapter, Version=10.0.0.0, Culture=neutral, PublicKeyToken=b03f5f7f11d50a3a" className="Lista_Test.ListaTest, Lista_Test, Version=1.0.0.0, Culture=neutral, PublicKeyToken=null" name="GetDuplicated_Three_Numbers_Test" />
    </UnitTest>
    <UnitTest name="GetDuplicatedTest" storage="c:\users\lgrodriguez\documents\visual studio 2010\projects\codekataduplicatedarray\lista_test\bin\debug\lista_test.dll" id="c4b6a8fe-b79d-ad12-719c-96caa17cc7f1">
      <Execution id="8f5e02d8-9c3b-4c0f-9cd9-8365cc7a3f99" />
      <TestMethod codeBase="c:/users/lgrodriguez/documents/visual studio 2010/Projects/CodeKataDuplicatedArray/Lista_Test/bin/Debug/Lista_Test.DLL" adapterTypeName="Microsoft.VisualStudio.TestTools.TestTypes.Unit.UnitTestAdapter, Microsoft.VisualStudio.QualityTools.Tips.UnitTest.Adapter, Version=10.0.0.0, Culture=neutral, PublicKeyToken=b03f5f7f11d50a3a" className="Lista_Test.ListaTest, Lista_Test, Version=1.0.0.0, Culture=neutral, PublicKeyToken=null" name="GetDuplicatedTest" />
    </UnitTest>
    <UnitTest name="GetDuplicated_Five_Numbers_Test" storage="c:\users\lgrodriguez\documents\visual studio 2010\projects\codekataduplicatedarray\lista_test\bin\debug\lista_test.dll" id="fea35c0e-3381-df5f-aa47-84ee24cd9ee2">
      <Execution id="6ff8fe79-c9f4-402d-8399-4c93cd67236b" />
      <TestMethod codeBase="c:/users/lgrodriguez/documents/visual studio 2010/Projects/CodeKataDuplicatedArray/Lista_Test/bin/Debug/Lista_Test.DLL" adapterTypeName="Microsoft.VisualStudio.TestTools.TestTypes.Unit.UnitTestAdapter, Microsoft.VisualStudio.QualityTools.Tips.UnitTest.Adapter, Version=10.0.0.0, Culture=neutral, PublicKeyToken=b03f5f7f11d50a3a" className="Lista_Test.ListaTest, Lista_Test, Version=1.0.0.0, Culture=neutral, PublicKeyToken=null" name="GetDuplicated_Five_Numbers_Test" />
    </UnitTest>
    <UnitTest name="RemoveDuplicated_Four_Numbers_Duplicated_Test" storage="c:\users\lgrodriguez\documents\visual studio 2010\projects\codekataduplicatedarray\lista_test\bin\debug\lista_test.dll" id="0d51de15-0c8f-a8cc-2325-68eb06aab4dc">
      <Execution id="81508116-7fe1-4a1e-b284-43f65392d4f2" />
      <TestMethod codeBase="c:/users/lgrodriguez/documents/visual studio 2010/Projects/CodeKataDuplicatedArray/Lista_Test/bin/Debug/Lista_Test.DLL" adapterTypeName="Microsoft.VisualStudio.TestTools.TestTypes.Unit.UnitTestAdapter, Microsoft.VisualStudio.QualityTools.Tips.UnitTest.Adapter, Version=10.0.0.0, Culture=neutral, PublicKeyToken=b03f5f7f11d50a3a" className="Lista_Test.ListaTest, Lista_Test, Version=1.0.0.0, Culture=neutral, PublicKeyToken=null" name="RemoveDuplicated_Four_Numbers_Duplicated_Test" />
    </UnitTest>
    <UnitTest name="RemoveDuplicated_Two_Numbers_Duplicated_Test" storage="c:\users\lgrodriguez\documents\visual studio 2010\projects\codekataduplicatedarray\lista_test\bin\debug\lista_test.dll" id="aa6c6c42-aa07-720e-4418-f6a4dcbe364b">
      <Execution id="6f0bdf12-722b-4920-bc18-d013611fbd5d" />
      <TestMethod codeBase="c:/users/lgrodriguez/documents/visual studio 2010/Projects/CodeKataDuplicatedArray/Lista_Test/bin/Debug/Lista_Test.DLL" adapterTypeName="Microsoft.VisualStudio.TestTools.TestTypes.Unit.UnitTestAdapter, Microsoft.VisualStudio.QualityTools.Tips.UnitTest.Adapter, Version=10.0.0.0, Culture=neutral, PublicKeyToken=b03f5f7f11d50a3a" className="Lista_Test.ListaTest, Lista_Test, Version=1.0.0.0, Culture=neutral, PublicKeyToken=null" name="RemoveDuplicated_Two_Numbers_Duplicated_Test" />
    </UnitTest>
    <UnitTest name="RemoveDuplicated_Three_Numbers_Duplicated_Test" storage="c:\users\lgrodriguez\documents\visual studio 2010\projects\codekataduplicatedarray\lista_test\bin\debug\lista_test.dll" id="cd3fdf50-30aa-9915-c8d6-912f31c2c6e4">
      <Execution id="afd685d2-ed27-463f-8fda-06dfbd47965c" />
      <TestMethod codeBase="c:/users/lgrodriguez/documents/visual studio 2010/Projects/CodeKataDuplicatedArray/Lista_Test/bin/Debug/Lista_Test.DLL" adapterTypeName="Microsoft.VisualStudio.TestTools.TestTypes.Unit.UnitTestAdapter, Microsoft.VisualStudio.QualityTools.Tips.UnitTest.Adapter, Version=10.0.0.0, Culture=neutral, PublicKeyToken=b03f5f7f11d50a3a" className="Lista_Test.ListaTest, Lista_Test, Version=1.0.0.0, Culture=neutral, PublicKeyToken=null" name="RemoveDuplicated_Three_Numbers_Duplicated_Test" />
    </UnitTest>
    <UnitTest name="GetDuplicated_Four_Numbers_Test" storage="c:\users\lgrodriguez\documents\visual studio 2010\projects\codekataduplicatedarray\lista_test\bin\debug\lista_test.dll" id="0f34b71b-4151-4311-5c6a-a48387dafeec">
      <Execution id="4ca98608-d4a2-4de0-a664-4a5af19090a4" />
      <TestMethod codeBase="c:/users/lgrodriguez/documents/visual studio 2010/Projects/CodeKataDuplicatedArray/Lista_Test/bin/Debug/Lista_Test.DLL" adapterTypeName="Microsoft.VisualStudio.TestTools.TestTypes.Unit.UnitTestAdapter, Microsoft.VisualStudio.QualityTools.Tips.UnitTest.Adapter, Version=10.0.0.0, Culture=neutral, PublicKeyToken=b03f5f7f11d50a3a" className="Lista_Test.ListaTest, Lista_Test, Version=1.0.0.0, Culture=neutral, PublicKeyToken=null" name="GetDuplicated_Four_Numbers_Test" />
    </UnitTest>
    <UnitTest name="GetDuplicated_Two_Numbers_Test" storage="c:\users\lgrodriguez\documents\visual studio 2010\projects\codekataduplicatedarray\lista_test\bin\debug\lista_test.dll" id="ced0db7b-a780-d868-1dfa-2d9a9a539826">
      <Execution id="850cee2b-5734-4b53-86f8-decdc821e1fa" />
      <TestMethod codeBase="c:/users/lgrodriguez/documents/visual studio 2010/Projects/CodeKataDuplicatedArray/Lista_Test/bin/Debug/Lista_Test.DLL" adapterTypeName="Microsoft.VisualStudio.TestTools.TestTypes.Unit.UnitTestAdapter, Microsoft.VisualStudio.QualityTools.Tips.UnitTest.Adapter, Version=10.0.0.0, Culture=neutral, PublicKeyToken=b03f5f7f11d50a3a" className="Lista_Test.ListaTest, Lista_Test, Version=1.0.0.0, Culture=neutral, PublicKeyToken=null" name="GetDuplicated_Two_Numbers_Test" />
    </UnitTest>
  </TestDefinitions>
  <TestLists>
    <TestList name="Results Not in a List" id="8c84fa94-04c1-424b-9868-57a2d4851a1d" />
    <TestList name="All Loaded Results" id="19431567-8539-422a-85d7-44ee4e166bda" />
  </TestLists>
  <TestEntries>
    <TestEntry testId="0d51de15-0c8f-a8cc-2325-68eb06aab4dc" executionId="81508116-7fe1-4a1e-b284-43f65392d4f2" testListId="8c84fa94-04c1-424b-9868-57a2d4851a1d" />
    <TestEntry testId="0f34b71b-4151-4311-5c6a-a48387dafeec" executionId="4ca98608-d4a2-4de0-a664-4a5af19090a4" testListId="8c84fa94-04c1-424b-9868-57a2d4851a1d" />
    <TestEntry testId="65dd8f66-8c94-737d-c3b8-bbf49bf17816" executionId="f815ea4e-f7b1-408e-a44d-5e3d5126cc04" testListId="8c84fa94-04c1-424b-9868-57a2d4851a1d" />
    <TestEntry testId="aa6c6c42-aa07-720e-4418-f6a4dcbe364b" executionId="6f0bdf12-722b-4920-bc18-d013611fbd5d" testListId="8c84fa94-04c1-424b-9868-57a2d4851a1d" />
    <TestEntry testId="c4b6a8fe-b79d-ad12-719c-96caa17cc7f1" executionId="8f5e02d8-9c3b-4c0f-9cd9-8365cc7a3f99" testListId="8c84fa94-04c1-424b-9868-57a2d4851a1d" />
    <TestEntry testId="cd3fdf50-30aa-9915-c8d6-912f31c2c6e4" executionId="afd685d2-ed27-463f-8fda-06dfbd47965c" testListId="8c84fa94-04c1-424b-9868-57a2d4851a1d" />
    <TestEntry testId="ced0db7b-a780-d868-1dfa-2d9a9a539826" executionId="850cee2b-5734-4b53-86f8-decdc821e1fa" testListId="8c84fa94-04c1-424b-9868-57a2d4851a1d" />
    <TestEntry testId="fea35c0e-3381-df5f-aa47-84ee24cd9ee2" executionId="6ff8fe79-c9f4-402d-8399-4c93cd67236b" testListId="8c84fa94-04c1-424b-9868-57a2d4851a1d" />
  </TestEntries>
  <Results>
    <UnitTestResult executionId="81508116-7fe1-4a1e-b284-43f65392d4f2" testId="0d51de15-0c8f-a8cc-2325-68eb06aab4dc" testName="RemoveDuplicated_Four_Numbers_Duplicated_Test" computerName="JLUIS-PC" duration="00:00:00.0242382" startTime="2011-12-01T13:04:34.8130529+01:00" endTime="2011-12-01T13:04:36.1170529+01:00" testType="13cdc9d9-ddb5-4fa4-a97d-d965ccfc6d4b" outcome="Passed" testListId="8c84fa94-04c1-424b-9868-57a2d4851a1d" relativeResultsDirectory="81508116-7fe1-4a1e-b284-43f65392d4f2">
    </UnitTestResult>
    <UnitTestResult executionId="4ca98608-d4a2-4de0-a664-4a5af19090a4" testId="0f34b71b-4151-4311-5c6a-a48387dafeec" testName="GetDuplicated_Four_Numbers_Test" computerName="JLUIS-PC" duration="00:00:00.0010426" startTime="2011-12-01T13:04:36.1280529+01:00" endTime="2011-12-01T13:04:36.1400529+01:00" testType="13cdc9d9-ddb5-4fa4-a97d-d965ccfc6d4b" outcome="Passed" testListId="8c84fa94-04c1-424b-9868-57a2d4851a1d" relativeResultsDirectory="4ca98608-d4a2-4de0-a664-4a5af19090a4">
    </UnitTestResult>
    <UnitTestResult executionId="f815ea4e-f7b1-408e-a44d-5e3d5126cc04" testId="65dd8f66-8c94-737d-c3b8-bbf49bf17816" testName="GetDuplicated_Three_Numbers_Test" computerName="JLUIS-PC" duration="00:00:00.0004652" startTime="2011-12-01T13:04:36.1500529+01:00" endTime="2011-12-01T13:04:36.1600529+01:00" testType="13cdc9d9-ddb5-4fa4-a97d-d965ccfc6d4b" outcome="Passed" testListId="8c84fa94-04c1-424b-9868-57a2d4851a1d" relativeResultsDirectory="f815ea4e-f7b1-408e-a44d-5e3d5126cc04">
    </UnitTestResult>
    <UnitTestResult executionId="6f0bdf12-722b-4920-bc18-d013611fbd5d" testId="aa6c6c42-aa07-720e-4418-f6a4dcbe364b" testName="RemoveDuplicated_Two_Numbers_Duplicated_Test" computerName="JLUIS-PC" duration="00:00:00.0005106" startTime="2011-12-01T13:04:36.1690529+01:00" endTime="2011-12-01T13:04:36.1800529+01:00" testType="13cdc9d9-ddb5-4fa4-a97d-d965ccfc6d4b" outcome="Passed" testListId="8c84fa94-04c1-424b-9868-57a2d4851a1d" relativeResultsDirectory="6f0bdf12-722b-4920-bc18-d013611fbd5d">
    </UnitTestResult>
    <UnitTestResult executionId="8f5e02d8-9c3b-4c0f-9cd9-8365cc7a3f99" testId="c4b6a8fe-b79d-ad12-719c-96caa17cc7f1" testName="GetDuplicatedTest" computerName="JLUIS-PC" duration="00:00:00.0004909" startTime="2011-12-01T13:04:36.1890529+01:00" endTime="2011-12-01T13:04:36.2000529+01:00" testType="13cdc9d9-ddb5-4fa4-a97d-d965ccfc6d4b" outcome="Passed" testListId="8c84fa94-04c1-424b-9868-57a2d4851a1d" relativeResultsDirectory="8f5e02d8-9c3b-4c0f-9cd9-8365cc7a3f99">
    </UnitTestResult>
    <UnitTestResult executionId="afd685d2-ed27-463f-8fda-06dfbd47965c" testId="cd3fdf50-30aa-9915-c8d6-912f31c2c6e4" testName="RemoveDuplicated_Three_Numbers_Duplicated_Test" computerName="JLUIS-PC" duration="00:00:00.0006718" startTime="2011-12-01T13:04:36.2080529+01:00" endTime="2011-12-01T13:04:36.2190529+01:00" testType="13cdc9d9-ddb5-4fa4-a97d-d965ccfc6d4b" outcome="Passed" testListId="8c84fa94-04c1-424b-9868-57a2d4851a1d" relativeResultsDirectory="afd685d2-ed27-463f-8fda-06dfbd47965c">
    </UnitTestResult>
    <UnitTestResult executionId="850cee2b-5734-4b53-86f8-decdc821e1fa" testId="ced0db7b-a780-d868-1dfa-2d9a9a539826" testName="GetDuplicated_Two_Numbers_Test" computerName="JLUIS-PC" duration="00:00:00.0004293" startTime="2011-12-01T13:04:36.2290529+01:00" endTime="2011-12-01T13:04:36.2390529+01:00" testType="13cdc9d9-ddb5-4fa4-a97d-d965ccfc6d4b" outcome="Passed" testListId="8c84fa94-04c1-424b-9868-57a2d4851a1d" relativeResultsDirectory="850cee2b-5734-4b53-86f8-decdc821e1fa">
    </UnitTestResult>
    <UnitTestResult executionId="6ff8fe79-c9f4-402d-8399-4c93cd67236b" testId="fea35c0e-3381-df5f-aa47-84ee24cd9ee2" testName="GetDuplicated_Five_Numbers_Test" computerName="JLUIS-PC" duration="00:00:00.0006247" startTime="2011-12-01T13:04:36.2480529+01:00" endTime="2011-12-01T13:04:36.2590529+01:00" testType="13cdc9d9-ddb5-4fa4-a97d-d965ccfc6d4b" outcome="Passed" testListId="8c84fa94-04c1-424b-9868-57a2d4851a1d" relativeResultsDirectory="6ff8fe79-c9f4-402d-8399-4c93cd67236b">
    </UnitTestResult>
  </Results>
</TestRun>