<?xml version="1.0" encoding="UTF-8"?>
<TestRun id="f99b4c4d-c18d-4dc8-915c-5c243b523715" name="lgrodriguez@JLUIS-PC 2011-12-01 12:17:59" runUser="TEAMPRO\lgrodriguez" xmlns="http://microsoft.com/schemas/VisualStudio/TeamTest/2010">
  <TestSettings name="Local" id="786f1411-af9e-488b-991b-c71ea8ad9eab">
    <Description>These are default test settings for a local test run.</Description>
    <Deployment enabled="false" runDeploymentRoot="lgrodriguez_JLUIS-PC 2011-12-01 12_17_59">
      <DeploymentItem filename="c:\users\lgrodriguez\documents\visual studio 2010\Projects\CodeKataDuplicatedArray\CodeKataDuplicatedArray\bin\Debug\CodeKataDuplicatedArray.exe" />
    </Deployment>
    <Execution>
      <TestTypeSpecific />
      <AgentRule name="Execution Agents">
      </AgentRule>
    </Execution>
  </TestSettings>
  <Times creation="2011-12-01T12:17:59.2640364+01:00" queuing="2011-12-01T12:18:00.2531353+01:00" start="2011-12-01T12:18:00.3361436+01:00" finish="2011-12-01T12:21:47.9689046+01:00" />
  <ResultSummary outcome="Failed">
    <Counters total="6" executed="6" passed="1" error="0" failed="5" timeout="0" aborted="0" inconclusive="0" passedButRunAborted="0" notRunnable="0" notExecuted="0" disconnected="0" warning="0" completed="0" inProgress="0" pending="0" />
  </ResultSummary>
  <TestDefinitions>
    <UnitTest name="GetDuplicated_Three_Numbers_Test" storage="c:\users\lgrodriguez\documents\visual studio 2010\projects\codekataduplicatedarray\lista_test\bin\debug\lista_test.dll" id="65dd8f66-8c94-737d-c3b8-bbf49bf17816">
      <Execution id="ae39f57c-e1a8-4c3b-8309-d8a64596cc08" />
      <TestMethod codeBase="c:/users/lgrodriguez/documents/visual studio 2010/Projects/CodeKataDuplicatedArray/Lista_Test/bin/Debug/Lista_Test.DLL" adapterTypeName="Microsoft.VisualStudio.TestTools.TestTypes.Unit.UnitTestAdapter, Microsoft.VisualStudio.QualityTools.Tips.UnitTest.Adapter, Version=10.0.0.0, Culture=neutral, PublicKeyToken=b03f5f7f11d50a3a" className="Lista_Test.ListaTest, Lista_Test, Version=1.0.0.0, Culture=neutral, PublicKeyToken=null" name="GetDuplicated_Three_Numbers_Test" />
    </UnitTest>
    <UnitTest name="GetDuplicated_Five_Numbers_Test" storage="c:\users\lgrodriguez\documents\visual studio 2010\projects\codekataduplicatedarray\lista_test\bin\debug\lista_test.dll" id="fea35c0e-3381-df5f-aa47-84ee24cd9ee2">
      <Execution id="c9077362-c5dc-4d8c-98fe-bf5ba6db80f7" />
      <TestMethod codeBase="c:/users/lgrodriguez/documents/visual studio 2010/Projects/CodeKataDuplicatedArray/Lista_Test/bin/Debug/Lista_Test.DLL" adapterTypeName="Microsoft.VisualStudio.TestTools.TestTypes.Unit.UnitTestAdapter, Microsoft.VisualStudio.QualityTools.Tips.UnitTest.Adapter, Version=10.0.0.0, Culture=neutral, PublicKeyToken=b03f5f7f11d50a3a" className="Lista_Test.ListaTest, Lista_Test, Version=1.0.0.0, Culture=neutral, PublicKeyToken=null" name="GetDuplicated_Five_Numbers_Test" />
    </UnitTest>
    <UnitTest name="GetDuplicatedTest" storage="c:\users\lgrodriguez\documents\visual studio 2010\projects\codekataduplicatedarray\lista_test\bin\debug\lista_test.dll" id="c4b6a8fe-b79d-ad12-719c-96caa17cc7f1">
      <Execution id="bcf806bc-cfb5-44f3-a5e3-7192602feab8" />
      <TestMethod codeBase="c:/users/lgrodriguez/documents/visual studio 2010/Projects/CodeKataDuplicatedArray/Lista_Test/bin/Debug/Lista_Test.DLL" adapterTypeName="Microsoft.VisualStudio.TestTools.TestTypes.Unit.UnitTestAdapter, Microsoft.VisualStudio.QualityTools.Tips.UnitTest.Adapter, Version=10.0.0.0, Culture=neutral, PublicKeyToken=b03f5f7f11d50a3a" className="Lista_Test.ListaTest, Lista_Test, Version=1.0.0.0, Culture=neutral, PublicKeyToken=null" name="GetDuplicatedTest" />
    </UnitTest>
    <UnitTest name="RemoveDuplicatedTest" storage="c:\users\lgrodriguez\documents\visual studio 2010\projects\codekataduplicatedarray\lista_test\bin\debug\lista_test.dll" id="be79f60b-a239-85d3-f8fd-082bd85711e5">
      <Execution id="77a6a246-0f79-4567-be6d-92bcb913c1f5" />
      <TestMethod codeBase="c:/users/lgrodriguez/documents/visual studio 2010/Projects/CodeKataDuplicatedArray/Lista_Test/bin/Debug/Lista_Test.DLL" adapterTypeName="Microsoft.VisualStudio.TestTools.TestTypes.Unit.UnitTestAdapter, Microsoft.VisualStudio.QualityTools.Tips.UnitTest.Adapter, Version=10.0.0.0, Culture=neutral, PublicKeyToken=b03f5f7f11d50a3a" className="Lista_Test.ListaTest, Lista_Test, Version=1.0.0.0, Culture=neutral, PublicKeyToken=null" name="RemoveDuplicatedTest" />
    </UnitTest>
    <UnitTest name="GetDuplicated_Four_Numbers_Test" storage="c:\users\lgrodriguez\documents\visual studio 2010\projects\codekataduplicatedarray\lista_test\bin\debug\lista_test.dll" id="0f34b71b-4151-4311-5c6a-a48387dafeec">
      <Execution id="34153880-ba75-426b-8b04-ce157541ac2e" />
      <TestMethod codeBase="c:/users/lgrodriguez/documents/visual studio 2010/Projects/CodeKataDuplicatedArray/Lista_Test/bin/Debug/Lista_Test.DLL" adapterTypeName="Microsoft.VisualStudio.TestTools.TestTypes.Unit.UnitTestAdapter, Microsoft.VisualStudio.QualityTools.Tips.UnitTest.Adapter, Version=10.0.0.0, Culture=neutral, PublicKeyToken=b03f5f7f11d50a3a" className="Lista_Test.ListaTest, Lista_Test, Version=1.0.0.0, Culture=neutral, PublicKeyToken=null" name="GetDuplicated_Four_Numbers_Test" />
    </UnitTest>
    <UnitTest name="GetDuplicated_Two_Numbers_Test" storage="c:\users\lgrodriguez\documents\visual studio 2010\projects\codekataduplicatedarray\lista_test\bin\debug\lista_test.dll" id="ced0db7b-a780-d868-1dfa-2d9a9a539826">
      <Execution id="2b1b42a0-1817-4e88-b5cb-68f084e53413" />
      <TestMethod codeBase="c:/users/lgrodriguez/documents/visual studio 2010/Projects/CodeKataDuplicatedArray/Lista_Test/bin/Debug/Lista_Test.DLL" adapterTypeName="Microsoft.VisualStudio.TestTools.TestTypes.Unit.UnitTestAdapter, Microsoft.VisualStudio.QualityTools.Tips.UnitTest.Adapter, Version=10.0.0.0, Culture=neutral, PublicKeyToken=b03f5f7f11d50a3a" className="Lista_Test.ListaTest, Lista_Test, Version=1.0.0.0, Culture=neutral, PublicKeyToken=null" name="GetDuplicated_Two_Numbers_Test" />
    </UnitTest>
  </TestDefinitions>
  <TestLists>
    <TestList name="Results Not in a List" id="8c84fa94-04c1-424b-9868-57a2d4851a1d" />
    <TestList name="All Loaded Results" id="19431567-8539-422a-85d7-44ee4e166bda" />
  </TestLists>
  <TestEntries>
    <TestEntry testId="0f34b71b-4151-4311-5c6a-a48387dafeec" executionId="34153880-ba75-426b-8b04-ce157541ac2e" testListId="8c84fa94-04c1-424b-9868-57a2d4851a1d" />
    <TestEntry testId="65dd8f66-8c94-737d-c3b8-bbf49bf17816" executionId="ae39f57c-e1a8-4c3b-8309-d8a64596cc08" testListId="8c84fa94-04c1-424b-9868-57a2d4851a1d" />
    <TestEntry testId="be79f60b-a239-85d3-f8fd-082bd85711e5" executionId="77a6a246-0f79-4567-be6d-92bcb913c1f5" testListId="8c84fa94-04c1-424b-9868-57a2d4851a1d" />
    <TestEntry testId="c4b6a8fe-b79d-ad12-719c-96caa17cc7f1" executionId="bcf806bc-cfb5-44f3-a5e3-7192602feab8" testListId="8c84fa94-04c1-424b-9868-57a2d4851a1d" />
    <TestEntry testId="ced0db7b-a780-d868-1dfa-2d9a9a539826" executionId="2b1b42a0-1817-4e88-b5cb-68f084e53413" testListId="8c84fa94-04c1-424b-9868-57a2d4851a1d" />
    <TestEntry testId="fea35c0e-3381-df5f-aa47-84ee24cd9ee2" executionId="c9077362-c5dc-4d8c-98fe-bf5ba6db80f7" testListId="8c84fa94-04c1-424b-9868-57a2d4851a1d" />
  </TestEntries>
  <Results>
    <UnitTestResult executionId="34153880-ba75-426b-8b04-ce157541ac2e" testId="0f34b71b-4151-4311-5c6a-a48387dafeec" testName="GetDuplicated_Four_Numbers_Test" computerName="JLUIS-PC" duration="00:03:42.9558735" startTime="2011-12-01T12:18:00.3941494+01:00" endTime="2011-12-01T12:21:44.6195697+01:00" testType="13cdc9d9-ddb5-4fa4-a97d-d965ccfc6d4b" outcome="Failed" testListId="8c84fa94-04c1-424b-9868-57a2d4851a1d" relativeResultsDirectory="34153880-ba75-426b-8b04-ce157541ac2e">
      <Output>
        <ErrorInfo>
          <Message>Test method Lista_Test.ListaTest.GetDuplicated_Four_Numbers_Test threw exception: 
System.ArgumentOutOfRangeException: El índice estaba fuera del intervalo. Debe ser un valor no negativo e inferior al tamaño de la colección.
Nombre del parámetro: index</Message>
          <StackTrace>    en System.ThrowHelper.ThrowArgumentOutOfRangeException()
   en System.Collections.Generic.List`1.get_Item(Int32 index)
   en Lista_Test.ListaTest.GetDuplicated_Four_Numbers_Test() en c:\users\lgrodriguez\documents\visual studio 2010\Projects\CodeKataDuplicatedArray\Lista_Test\ListaTest.cs:línea 107
</StackTrace>
        </ErrorInfo>
      </Output>
    </UnitTestResult>
    <UnitTestResult executionId="ae39f57c-e1a8-4c3b-8309-d8a64596cc08" testId="65dd8f66-8c94-737d-c3b8-bbf49bf17816" testName="GetDuplicated_Three_Numbers_Test" computerName="JLUIS-PC" duration="00:00:00.9870559" startTime="2011-12-01T12:21:44.6485726+01:00" endTime="2011-12-01T12:21:45.6546732+01:00" testType="13cdc9d9-ddb5-4fa4-a97d-d965ccfc6d4b" outcome="Failed" testListId="8c84fa94-04c1-424b-9868-57a2d4851a1d" relativeResultsDirectory="ae39f57c-e1a8-4c3b-8309-d8a64596cc08">
      <Output>
        <ErrorInfo>
          <Message>Test method Lista_Test.ListaTest.GetDuplicated_Three_Numbers_Test threw exception: 
System.ArgumentOutOfRangeException: El índice estaba fuera del intervalo. Debe ser un valor no negativo e inferior al tamaño de la colección.
Nombre del parámetro: index</Message>
          <StackTrace>    en System.ThrowHelper.ThrowArgumentOutOfRangeException()
   en System.Collections.Generic.List`1.get_Item(Int32 index)
   en Lista_Test.ListaTest.GetDuplicated_Three_Numbers_Test() en c:\users\lgrodriguez\documents\visual studio 2010\Projects\CodeKataDuplicatedArray\Lista_Test\ListaTest.cs:línea 93
</StackTrace>
        </ErrorInfo>
      </Output>
    </UnitTestResult>
    <UnitTestResult executionId="77a6a246-0f79-4567-be6d-92bcb913c1f5" testId="be79f60b-a239-85d3-f8fd-082bd85711e5" testName="RemoveDuplicatedTest" computerName="JLUIS-PC" duration="00:00:00.0002634" startTime="2011-12-01T12:21:45.6766754+01:00" endTime="2011-12-01T12:21:45.6916769+01:00" testType="13cdc9d9-ddb5-4fa4-a97d-d965ccfc6d4b" outcome="Passed" testListId="8c84fa94-04c1-424b-9868-57a2d4851a1d" relativeResultsDirectory="77a6a246-0f79-4567-be6d-92bcb913c1f5">
    </UnitTestResult>
    <UnitTestResult executionId="bcf806bc-cfb5-44f3-a5e3-7192602feab8" testId="c4b6a8fe-b79d-ad12-719c-96caa17cc7f1" testName="GetDuplicatedTest" computerName="JLUIS-PC" duration="00:00:00.7623895" startTime="2011-12-01T12:21:45.7016779+01:00" endTime="2011-12-01T12:21:46.4787556+01:00" testType="13cdc9d9-ddb5-4fa4-a97d-d965ccfc6d4b" outcome="Failed" testListId="8c84fa94-04c1-424b-9868-57a2d4851a1d" relativeResultsDirectory="bcf806bc-cfb5-44f3-a5e3-7192602feab8">
      <Output>
        <ErrorInfo>
          <Message>Test method Lista_Test.ListaTest.GetDuplicatedTest threw exception: 
System.ArgumentOutOfRangeException: El índice estaba fuera del intervalo. Debe ser un valor no negativo e inferior al tamaño de la colección.
Nombre del parámetro: index</Message>
          <StackTrace>    en System.ThrowHelper.ThrowArgumentOutOfRangeException()
   en System.Collections.Generic.List`1.get_Item(Int32 index)
   en Lista_Test.ListaTest.GetDuplicatedTest() en c:\users\lgrodriguez\documents\visual studio 2010\Projects\CodeKataDuplicatedArray\Lista_Test\ListaTest.cs:línea 137
</StackTrace>
        </ErrorInfo>
      </Output>
    </UnitTestResult>
    <UnitTestResult executionId="2b1b42a0-1817-4e88-b5cb-68f084e53413" testId="ced0db7b-a780-d868-1dfa-2d9a9a539826" testName="GetDuplicated_Two_Numbers_Test" computerName="JLUIS-PC" duration="00:00:00.7286655" startTime="2011-12-01T12:21:46.4987576+01:00" endTime="2011-12-01T12:21:47.2448322+01:00" testType="13cdc9d9-ddb5-4fa4-a97d-d965ccfc6d4b" outcome="Failed" testListId="8c84fa94-04c1-424b-9868-57a2d4851a1d" relativeResultsDirectory="2b1b42a0-1817-4e88-b5cb-68f084e53413">
      <Output>
        <ErrorInfo>
          <Message>Test method Lista_Test.ListaTest.GetDuplicated_Two_Numbers_Test threw exception: 
System.ArgumentOutOfRangeException: El índice estaba fuera del intervalo. Debe ser un valor no negativo e inferior al tamaño de la colección.
Nombre del parámetro: index</Message>
          <StackTrace>    en System.ThrowHelper.ThrowArgumentOutOfRangeException()
   en System.Collections.Generic.List`1.get_Item(Int32 index)
   en Lista_Test.ListaTest.GetDuplicated_Two_Numbers_Test() en c:\users\lgrodriguez\documents\visual studio 2010\Projects\CodeKataDuplicatedArray\Lista_Test\ListaTest.cs:línea 79
</StackTrace>
        </ErrorInfo>
      </Output>
    </UnitTestResult>
    <UnitTestResult executionId="c9077362-c5dc-4d8c-98fe-bf5ba6db80f7" testId="fea35c0e-3381-df5f-aa47-84ee24cd9ee2" testName="GetDuplicated_Five_Numbers_Test" computerName="JLUIS-PC" duration="00:00:00.6139865" startTime="2011-12-01T12:21:47.2618339+01:00" endTime="2011-12-01T12:21:47.9148992+01:00" testType="13cdc9d9-ddb5-4fa4-a97d-d965ccfc6d4b" outcome="Failed" testListId="8c84fa94-04c1-424b-9868-57a2d4851a1d" relativeResultsDirectory="c9077362-c5dc-4d8c-98fe-bf5ba6db80f7">
      <Output>
        <ErrorInfo>
          <Message>Test method Lista_Test.ListaTest.GetDuplicated_Five_Numbers_Test threw exception: 
System.ArgumentOutOfRangeException: El índice estaba fuera del intervalo. Debe ser un valor no negativo e inferior al tamaño de la colección.
Nombre del parámetro: index</Message>
          <StackTrace>    en System.ThrowHelper.ThrowArgumentOutOfRangeException()
   en System.Collections.Generic.List`1.get_Item(Int32 index)
   en Lista_Test.ListaTest.GetDuplicated_Five_Numbers_Test() en c:\users\lgrodriguez\documents\visual studio 2010\Projects\CodeKataDuplicatedArray\Lista_Test\ListaTest.cs:línea 121
</StackTrace>
        </ErrorInfo>
      </Output>
    </UnitTestResult>
  </Results>
</TestRun>