<?xml version="1.0" encoding="UTF-8"?>
<TestRun id="2193c44e-ce1d-4461-8c5b-0467cf4b9bec" name="lgrodriguez@JLUIS-PC 2012-05-25 14:35:30" runUser="TEAMPRO\lgrodriguez" xmlns="http://microsoft.com/schemas/VisualStudio/TeamTest/2010">
  <TestSettings name="Local" id="53110626-90bd-4512-aaa3-a4ad06b51ebd">
    <Description>These are default test settings for a local test run.</Description>
    <Deployment enabled="false" runDeploymentRoot="lgrodriguez_JLUIS-PC 2012-05-25 14_35_30">
      <DeploymentItem filename="c:\users\lgrodriguez\documents\visual studio 2010\Projects\CodeKataJuly\Code\bin\Debug\Code.dll" />
    </Deployment>
    <Execution>
      <TestTypeSpecific />
      <AgentRule name="Execution Agents">
      </AgentRule>
    </Execution>
  </TestSettings>
  <Times creation="2012-05-25T14:35:30.5295253+02:00" queuing="2012-05-25T14:35:30.5905314+02:00" start="2012-05-25T14:35:30.6065330+02:00" finish="2012-05-25T14:35:31.0295753+02:00" />
  <ResultSummary outcome="Completed">
    <Counters total="7" executed="7" passed="7" error="0" failed="0" timeout="0" aborted="0" inconclusive="0" passedButRunAborted="0" notRunnable="0" notExecuted="0" disconnected="0" warning="0" completed="0" inProgress="0" pending="0" />
  </ResultSummary>
  <TestDefinitions>
    <UnitTest name="OneIsPrimeTest" storage="c:\users\lgrodriguez\documents\visual studio 2010\projects\codekatajuly\test\bin\debug\test.dll" id="9529a870-48b3-d0b5-42a6-5e9447a93a12">
      <Execution id="5dd2e7a6-1999-4139-9b2b-f61c4d68bea2" />
      <TestMethod codeBase="c:/users/lgrodriguez/documents/visual studio 2010/Projects/CodeKataJuly/Test/bin/Debug/Test.DLL" adapterTypeName="Microsoft.VisualStudio.TestTools.TestTypes.Unit.UnitTestAdapter, Microsoft.VisualStudio.QualityTools.Tips.UnitTest.Adapter, Version=10.0.0.0, Culture=neutral, PublicKeyToken=b03f5f7f11d50a3a" className="Test.ExtensionsTest, Test, Version=1.0.0.0, Culture=neutral, PublicKeyToken=null" name="OneIsPrimeTest" />
    </UnitTest>
    <UnitTest name="TwoIsPrimeTest" storage="c:\users\lgrodriguez\documents\visual studio 2010\projects\codekatajuly\test\bin\debug\test.dll" id="69d37811-b030-7159-5b56-140a631234ad">
      <Execution id="e39a0ccd-30a8-4b35-8888-42ed4a7113a1" />
      <TestMethod codeBase="c:/users/lgrodriguez/documents/visual studio 2010/Projects/CodeKataJuly/Test/bin/Debug/Test.DLL" adapterTypeName="Microsoft.VisualStudio.TestTools.TestTypes.Unit.UnitTestAdapter, Microsoft.VisualStudio.QualityTools.Tips.UnitTest.Adapter, Version=10.0.0.0, Culture=neutral, PublicKeyToken=b03f5f7f11d50a3a" className="Test.ExtensionsTest, Test, Version=1.0.0.0, Culture=neutral, PublicKeyToken=null" name="TwoIsPrimeTest" />
    </UnitTest>
    <UnitTest name="IsPositiveTest" storage="c:\users\lgrodriguez\documents\visual studio 2010\projects\codekatajuly\test\bin\debug\test.dll" id="105b7569-4d67-fbec-40b7-e365da13ed81">
      <Execution id="d057bea7-e584-4419-a3b3-994069da88a5" />
      <TestMethod codeBase="c:/users/lgrodriguez/documents/visual studio 2010/Projects/CodeKataJuly/Test/bin/Debug/Test.DLL" adapterTypeName="Microsoft.VisualStudio.TestTools.TestTypes.Unit.UnitTestAdapter, Microsoft.VisualStudio.QualityTools.Tips.UnitTest.Adapter, Version=10.0.0.0, Culture=neutral, PublicKeyToken=b03f5f7f11d50a3a" className="Test.ExtensionsTest, Test, Version=1.0.0.0, Culture=neutral, PublicKeyToken=null" name="IsPositiveTest" />
    </UnitTest>
    <UnitTest name="LittleGeneratePrimeFactorsTest" storage="c:\users\lgrodriguez\documents\visual studio 2010\projects\codekatajuly\test\bin\debug\test.dll" id="6c546abd-7235-188a-5735-62bc560e61ed">
      <Execution id="9db56412-744d-4aaf-8b48-1af7c7146392" />
      <TestMethod codeBase="c:/users/lgrodriguez/documents/visual studio 2010/Projects/CodeKataJuly/Test/bin/Debug/Test.DLL" adapterTypeName="Microsoft.VisualStudio.TestTools.TestTypes.Unit.UnitTestAdapter, Microsoft.VisualStudio.QualityTools.Tips.UnitTest.Adapter, Version=10.0.0.0, Culture=neutral, PublicKeyToken=b03f5f7f11d50a3a" className="Test.PrimeFactorsTest, Test, Version=1.0.0.0, Culture=neutral, PublicKeyToken=null" name="LittleGeneratePrimeFactorsTest" />
    </UnitTest>
    <UnitTest name="TwoDigitsGeneratePrimeFactorsTest" storage="c:\users\lgrodriguez\documents\visual studio 2010\projects\codekatajuly\test\bin\debug\test.dll" id="734e18ab-b05d-c196-04c1-9a9d11a37c55">
      <Execution id="90a0ac7a-8708-47c3-b89e-84dd2a456a30" />
      <TestMethod codeBase="c:/users/lgrodriguez/documents/visual studio 2010/Projects/CodeKataJuly/Test/bin/Debug/Test.DLL" adapterTypeName="Microsoft.VisualStudio.TestTools.TestTypes.Unit.UnitTestAdapter, Microsoft.VisualStudio.QualityTools.Tips.UnitTest.Adapter, Version=10.0.0.0, Culture=neutral, PublicKeyToken=b03f5f7f11d50a3a" className="Test.PrimeFactorsTest, Test, Version=1.0.0.0, Culture=neutral, PublicKeyToken=null" name="TwoDigitsGeneratePrimeFactorsTest" />
    </UnitTest>
    <UnitTest name="SimpleNumberGeneratePrimeFactorsTest" storage="c:\users\lgrodriguez\documents\visual studio 2010\projects\codekatajuly\test\bin\debug\test.dll" id="8cf04d87-b4ff-55b3-68c9-5b139f3b2d35">
      <Execution id="dfba21ec-f5df-4f84-aad0-3267a3dacd3a" />
      <TestMethod codeBase="c:/users/lgrodriguez/documents/visual studio 2010/Projects/CodeKataJuly/Test/bin/Debug/Test.DLL" adapterTypeName="Microsoft.VisualStudio.TestTools.TestTypes.Unit.UnitTestAdapter, Microsoft.VisualStudio.QualityTools.Tips.UnitTest.Adapter, Version=10.0.0.0, Culture=neutral, PublicKeyToken=b03f5f7f11d50a3a" className="Test.PrimeFactorsTest, Test, Version=1.0.0.0, Culture=neutral, PublicKeyToken=null" name="SimpleNumberGeneratePrimeFactorsTest" />
    </UnitTest>
    <UnitTest name="IsNotPositiveTest" storage="c:\users\lgrodriguez\documents\visual studio 2010\projects\codekatajuly\test\bin\debug\test.dll" id="c2dbdb08-80fc-88c5-78f6-ec1a05750812">
      <Execution id="4d76e8e6-016f-4e9e-97c4-90f9106547d4" />
      <TestMethod codeBase="c:/users/lgrodriguez/documents/visual studio 2010/Projects/CodeKataJuly/Test/bin/Debug/Test.DLL" adapterTypeName="Microsoft.VisualStudio.TestTools.TestTypes.Unit.UnitTestAdapter, Microsoft.VisualStudio.QualityTools.Tips.UnitTest.Adapter, Version=10.0.0.0, Culture=neutral, PublicKeyToken=b03f5f7f11d50a3a" className="Test.ExtensionsTest, Test, Version=1.0.0.0, Culture=neutral, PublicKeyToken=null" name="IsNotPositiveTest" />
    </UnitTest>
  </TestDefinitions>
  <TestLists>
    <TestList name="Results Not in a List" id="8c84fa94-04c1-424b-9868-57a2d4851a1d" />
    <TestList name="All Loaded Results" id="19431567-8539-422a-85d7-44ee4e166bda" />
  </TestLists>
  <TestEntries>
    <TestEntry testId="105b7569-4d67-fbec-40b7-e365da13ed81" executionId="d057bea7-e584-4419-a3b3-994069da88a5" testListId="8c84fa94-04c1-424b-9868-57a2d4851a1d" />
    <TestEntry testId="69d37811-b030-7159-5b56-140a631234ad" executionId="e39a0ccd-30a8-4b35-8888-42ed4a7113a1" testListId="8c84fa94-04c1-424b-9868-57a2d4851a1d" />
    <TestEntry testId="6c546abd-7235-188a-5735-62bc560e61ed" executionId="9db56412-744d-4aaf-8b48-1af7c7146392" testListId="8c84fa94-04c1-424b-9868-57a2d4851a1d" />
    <TestEntry testId="734e18ab-b05d-c196-04c1-9a9d11a37c55" executionId="90a0ac7a-8708-47c3-b89e-84dd2a456a30" testListId="8c84fa94-04c1-424b-9868-57a2d4851a1d" />
    <TestEntry testId="8cf04d87-b4ff-55b3-68c9-5b139f3b2d35" executionId="dfba21ec-f5df-4f84-aad0-3267a3dacd3a" testListId="8c84fa94-04c1-424b-9868-57a2d4851a1d" />
    <TestEntry testId="9529a870-48b3-d0b5-42a6-5e9447a93a12" executionId="5dd2e7a6-1999-4139-9b2b-f61c4d68bea2" testListId="8c84fa94-04c1-424b-9868-57a2d4851a1d" />
    <TestEntry testId="c2dbdb08-80fc-88c5-78f6-ec1a05750812" executionId="4d76e8e6-016f-4e9e-97c4-90f9106547d4" testListId="8c84fa94-04c1-424b-9868-57a2d4851a1d" />
  </TestEntries>
  <Results>
    <UnitTestResult executionId="d057bea7-e584-4419-a3b3-994069da88a5" testId="105b7569-4d67-fbec-40b7-e365da13ed81" testName="IsPositiveTest" computerName="JLUIS-PC" duration="00:00:00.0189507" startTime="2012-05-25T14:35:30.6135337+02:00" endTime="2012-05-25T14:35:30.9315655+02:00" testType="13cdc9d9-ddb5-4fa4-a97d-d965ccfc6d4b" outcome="Passed" testListId="8c84fa94-04c1-424b-9868-57a2d4851a1d" relativeResultsDirectory="d057bea7-e584-4419-a3b3-994069da88a5">
    </UnitTestResult>
    <UnitTestResult executionId="e39a0ccd-30a8-4b35-8888-42ed4a7113a1" testId="69d37811-b030-7159-5b56-140a631234ad" testName="TwoIsPrimeTest" computerName="JLUIS-PC" duration="00:00:00.0004708" startTime="2012-05-25T14:35:30.9385662+02:00" endTime="2012-05-25T14:35:30.9435667+02:00" testType="13cdc9d9-ddb5-4fa4-a97d-d965ccfc6d4b" outcome="Passed" testListId="8c84fa94-04c1-424b-9868-57a2d4851a1d" relativeResultsDirectory="e39a0ccd-30a8-4b35-8888-42ed4a7113a1">
    </UnitTestResult>
    <UnitTestResult executionId="9db56412-744d-4aaf-8b48-1af7c7146392" testId="6c546abd-7235-188a-5735-62bc560e61ed" testName="LittleGeneratePrimeFactorsTest" computerName="JLUIS-PC" duration="00:00:00.0013150" startTime="2012-05-25T14:35:30.9515675+02:00" endTime="2012-05-25T14:35:30.9615685+02:00" testType="13cdc9d9-ddb5-4fa4-a97d-d965ccfc6d4b" outcome="Passed" testListId="8c84fa94-04c1-424b-9868-57a2d4851a1d" relativeResultsDirectory="9db56412-744d-4aaf-8b48-1af7c7146392">
    </UnitTestResult>
    <UnitTestResult executionId="90a0ac7a-8708-47c3-b89e-84dd2a456a30" testId="734e18ab-b05d-c196-04c1-9a9d11a37c55" testName="TwoDigitsGeneratePrimeFactorsTest" computerName="JLUIS-PC" duration="00:00:00.0005952" startTime="2012-05-25T14:35:30.9685692+02:00" endTime="2012-05-25T14:35:30.9745698+02:00" testType="13cdc9d9-ddb5-4fa4-a97d-d965ccfc6d4b" outcome="Passed" testListId="8c84fa94-04c1-424b-9868-57a2d4851a1d" relativeResultsDirectory="90a0ac7a-8708-47c3-b89e-84dd2a456a30">
    </UnitTestResult>
    <UnitTestResult executionId="dfba21ec-f5df-4f84-aad0-3267a3dacd3a" testId="8cf04d87-b4ff-55b3-68c9-5b139f3b2d35" testName="SimpleNumberGeneratePrimeFactorsTest" computerName="JLUIS-PC" duration="00:00:00.0005610" startTime="2012-05-25T14:35:30.9815705+02:00" endTime="2012-05-25T14:35:30.9865710+02:00" testType="13cdc9d9-ddb5-4fa4-a97d-d965ccfc6d4b" outcome="Passed" testListId="8c84fa94-04c1-424b-9868-57a2d4851a1d" relativeResultsDirectory="dfba21ec-f5df-4f84-aad0-3267a3dacd3a">
    </UnitTestResult>
    <UnitTestResult executionId="5dd2e7a6-1999-4139-9b2b-f61c4d68bea2" testId="9529a870-48b3-d0b5-42a6-5e9447a93a12" testName="OneIsPrimeTest" computerName="JLUIS-PC" duration="00:00:00.0002407" startTime="2012-05-25T14:35:30.9955719+02:00" endTime="2012-05-25T14:35:31.0005724+02:00" testType="13cdc9d9-ddb5-4fa4-a97d-d965ccfc6d4b" outcome="Passed" testListId="8c84fa94-04c1-424b-9868-57a2d4851a1d" relativeResultsDirectory="5dd2e7a6-1999-4139-9b2b-f61c4d68bea2">
    </UnitTestResult>
    <UnitTestResult executionId="4d76e8e6-016f-4e9e-97c4-90f9106547d4" testId="c2dbdb08-80fc-88c5-78f6-ec1a05750812" testName="IsNotPositiveTest" computerName="JLUIS-PC" duration="00:00:00.0001911" startTime="2012-05-25T14:35:31.0075731+02:00" endTime="2012-05-25T14:35:31.0105734+02:00" testType="13cdc9d9-ddb5-4fa4-a97d-d965ccfc6d4b" outcome="Passed" testListId="8c84fa94-04c1-424b-9868-57a2d4851a1d" relativeResultsDirectory="4d76e8e6-016f-4e9e-97c4-90f9106547d4">
    </UnitTestResult>
  </Results>
</TestRun>