<?xml version="1.0" encoding="UTF-8"?>
<TestRun id="65991abf-4a36-45a7-8e6c-c3e13ddaec6c" name="lgrodriguez@JLUIS-PC 2011-11-30 12:41:41" runUser="TEAMPRO\lgrodriguez" xmlns="http://microsoft.com/schemas/VisualStudio/TeamTest/2010">
  <TestSettings name="Local" id="5e058b59-d295-461c-8811-f255c864e834">
    <Description>These are default test settings for a local test run.</Description>
    <Deployment enabled="false" runDeploymentRoot="lgrodriguez_JLUIS-PC 2011-11-30 12_41_41">
      <DeploymentItem filename="c:\users\lgrodriguez\documents\visual studio 2010\Projects\CodeKataNovember\CodeKataNovember\bin\Debug\CodeKataNovember.exe" />
    </Deployment>
    <Execution>
      <TestTypeSpecific />
      <AgentRule name="Execution Agents">
      </AgentRule>
    </Execution>
  </TestSettings>
  <Times creation="2011-11-30T12:41:41.6539829+01:00" queuing="2011-11-30T12:41:42.6740849+01:00" start="2011-11-30T12:41:42.7700945+01:00" finish="2011-11-30T12:41:49.3467521+01:00" />
  <ResultSummary outcome="Failed">
    <Counters total="7" executed="7" passed="6" error="0" failed="1" timeout="0" aborted="0" inconclusive="0" passedButRunAborted="0" notRunnable="0" notExecuted="0" disconnected="0" warning="0" completed="0" inProgress="0" pending="0" />
  </ResultSummary>
  <TestDefinitions>
    <UnitTest name="GetPrice_Two_diffent_Books" storage="c:\users\lgrodriguez\documents\visual studio 2010\projects\codekatanovember\codekatanovember_test\bin\debug\codekatanovember_test.dll" id="4267a5b0-1d18-75e2-da81-cb30c2487f71">
      <Execution id="50a33fc4-d594-4739-aaa4-6ea7aed2b3b4" />
      <TestMethod codeBase="c:/users/lgrodriguez/documents/visual studio 2010/Projects/CodeKataNovember/CodeKataNovember_Test/bin/Debug/CodeKataNovember_Test.DLL" adapterTypeName="Microsoft.VisualStudio.TestTools.TestTypes.Unit.UnitTestAdapter, Microsoft.VisualStudio.QualityTools.Tips.UnitTest.Adapter, Version=10.0.0.0, Culture=neutral, PublicKeyToken=b03f5f7f11d50a3a" className="CodeKataNovember_Test.BooksTest, CodeKataNovember_Test, Version=1.0.0.0, Culture=neutral, PublicKeyToken=null" name="GetPrice_Two_diffent_Books" />
    </UnitTest>
    <UnitTest name="GetPrice_Five_diffent_Four_Equal_Books" storage="c:\users\lgrodriguez\documents\visual studio 2010\projects\codekatanovember\codekatanovember_test\bin\debug\codekatanovember_test.dll" id="07cfb990-a814-0879-61a8-50ce2c29a590">
      <Execution id="6ed52efa-a77b-42cc-a532-e7d3f65f51ae" />
      <TestMethod codeBase="c:/users/lgrodriguez/documents/visual studio 2010/Projects/CodeKataNovember/CodeKataNovember_Test/bin/Debug/CodeKataNovember_Test.DLL" adapterTypeName="Microsoft.VisualStudio.TestTools.TestTypes.Unit.UnitTestAdapter, Microsoft.VisualStudio.QualityTools.Tips.UnitTest.Adapter, Version=10.0.0.0, Culture=neutral, PublicKeyToken=b03f5f7f11d50a3a" className="CodeKataNovember_Test.BooksTest, CodeKataNovember_Test, Version=1.0.0.0, Culture=neutral, PublicKeyToken=null" name="GetPrice_Five_diffent_Four_Equal_Books" />
    </UnitTest>
    <UnitTest name="GetPrice_Four_diffent_Three_Equal_Books" storage="c:\users\lgrodriguez\documents\visual studio 2010\projects\codekatanovember\codekatanovember_test\bin\debug\codekatanovember_test.dll" id="e133ad53-9f29-30e8-1ab0-04a4505c5011">
      <Execution id="f5b006e2-5f19-420e-805f-db68e1000a16" />
      <TestMethod codeBase="c:/users/lgrodriguez/documents/visual studio 2010/Projects/CodeKataNovember/CodeKataNovember_Test/bin/Debug/CodeKataNovember_Test.DLL" adapterTypeName="Microsoft.VisualStudio.TestTools.TestTypes.Unit.UnitTestAdapter, Microsoft.VisualStudio.QualityTools.Tips.UnitTest.Adapter, Version=10.0.0.0, Culture=neutral, PublicKeyToken=b03f5f7f11d50a3a" className="CodeKataNovember_Test.BooksTest, CodeKataNovember_Test, Version=1.0.0.0, Culture=neutral, PublicKeyToken=null" name="GetPrice_Four_diffent_Three_Equal_Books" />
    </UnitTest>
    <UnitTest name="GetPrice_Three_diffent_One_Equal_Books" storage="c:\users\lgrodriguez\documents\visual studio 2010\projects\codekatanovember\codekatanovember_test\bin\debug\codekatanovember_test.dll" id="496b2e24-28ad-4927-f275-76767bc27550">
      <Execution id="7ba61143-3961-41ba-804a-267428709f85" />
      <TestMethod codeBase="c:/users/lgrodriguez/documents/visual studio 2010/Projects/CodeKataNovember/CodeKataNovember_Test/bin/Debug/CodeKataNovember_Test.DLL" adapterTypeName="Microsoft.VisualStudio.TestTools.TestTypes.Unit.UnitTestAdapter, Microsoft.VisualStudio.QualityTools.Tips.UnitTest.Adapter, Version=10.0.0.0, Culture=neutral, PublicKeyToken=b03f5f7f11d50a3a" className="CodeKataNovember_Test.BooksTest, CodeKataNovember_Test, Version=1.0.0.0, Culture=neutral, PublicKeyToken=null" name="GetPrice_Three_diffent_One_Equal_Books" />
    </UnitTest>
    <UnitTest name="GetPrice_One_Book" storage="c:\users\lgrodriguez\documents\visual studio 2010\projects\codekatanovember\codekatanovember_test\bin\debug\codekatanovember_test.dll" id="d0cbfbfa-2157-8259-1cf6-0b6ff5c04099">
      <Execution id="424affea-d0d3-45a6-a43b-976f3c0e5225" />
      <TestMethod codeBase="c:/users/lgrodriguez/documents/visual studio 2010/Projects/CodeKataNovember/CodeKataNovember_Test/bin/Debug/CodeKataNovember_Test.DLL" adapterTypeName="Microsoft.VisualStudio.TestTools.TestTypes.Unit.UnitTestAdapter, Microsoft.VisualStudio.QualityTools.Tips.UnitTest.Adapter, Version=10.0.0.0, Culture=neutral, PublicKeyToken=b03f5f7f11d50a3a" className="CodeKataNovember_Test.BooksTest, CodeKataNovember_Test, Version=1.0.0.0, Culture=neutral, PublicKeyToken=null" name="GetPrice_One_Book" />
    </UnitTest>
    <UnitTest name="GetPrice_Three_diffent_Books" storage="c:\users\lgrodriguez\documents\visual studio 2010\projects\codekatanovember\codekatanovember_test\bin\debug\codekatanovember_test.dll" id="ff47b6a6-4796-a75e-3132-2c7dab0480f5">
      <Execution id="2fee210b-863f-429f-b6e3-4e3ce710eb1d" />
      <TestMethod codeBase="c:/users/lgrodriguez/documents/visual studio 2010/Projects/CodeKataNovember/CodeKataNovember_Test/bin/Debug/CodeKataNovember_Test.DLL" adapterTypeName="Microsoft.VisualStudio.TestTools.TestTypes.Unit.UnitTestAdapter, Microsoft.VisualStudio.QualityTools.Tips.UnitTest.Adapter, Version=10.0.0.0, Culture=neutral, PublicKeyToken=b03f5f7f11d50a3a" className="CodeKataNovember_Test.BooksTest, CodeKataNovember_Test, Version=1.0.0.0, Culture=neutral, PublicKeyToken=null" name="GetPrice_Three_diffent_Books" />
    </UnitTest>
    <UnitTest name="GetPrice_Four_diffent_One_Equal_Books" storage="c:\users\lgrodriguez\documents\visual studio 2010\projects\codekatanovember\codekatanovember_test\bin\debug\codekatanovember_test.dll" id="9510fd6b-6f82-48cf-247e-d5d273b47e93">
      <Execution id="05ed9ee6-2728-4a68-b814-a0b290bf4ec0" />
      <TestMethod codeBase="c:/users/lgrodriguez/documents/visual studio 2010/Projects/CodeKataNovember/CodeKataNovember_Test/bin/Debug/CodeKataNovember_Test.DLL" adapterTypeName="Microsoft.VisualStudio.TestTools.TestTypes.Unit.UnitTestAdapter, Microsoft.VisualStudio.QualityTools.Tips.UnitTest.Adapter, Version=10.0.0.0, Culture=neutral, PublicKeyToken=b03f5f7f11d50a3a" className="CodeKataNovember_Test.BooksTest, CodeKataNovember_Test, Version=1.0.0.0, Culture=neutral, PublicKeyToken=null" name="GetPrice_Four_diffent_One_Equal_Books" />
    </UnitTest>
  </TestDefinitions>
  <TestLists>
    <TestList name="Results Not in a List" id="8c84fa94-04c1-424b-9868-57a2d4851a1d" />
    <TestList name="All Loaded Results" id="19431567-8539-422a-85d7-44ee4e166bda" />
  </TestLists>
  <TestEntries>
    <TestEntry testId="07cfb990-a814-0879-61a8-50ce2c29a590" executionId="6ed52efa-a77b-42cc-a532-e7d3f65f51ae" testListId="8c84fa94-04c1-424b-9868-57a2d4851a1d" />
    <TestEntry testId="4267a5b0-1d18-75e2-da81-cb30c2487f71" executionId="50a33fc4-d594-4739-aaa4-6ea7aed2b3b4" testListId="8c84fa94-04c1-424b-9868-57a2d4851a1d" />
    <TestEntry testId="496b2e24-28ad-4927-f275-76767bc27550" executionId="7ba61143-3961-41ba-804a-267428709f85" testListId="8c84fa94-04c1-424b-9868-57a2d4851a1d" />
    <TestEntry testId="9510fd6b-6f82-48cf-247e-d5d273b47e93" executionId="05ed9ee6-2728-4a68-b814-a0b290bf4ec0" testListId="8c84fa94-04c1-424b-9868-57a2d4851a1d" />
    <TestEntry testId="d0cbfbfa-2157-8259-1cf6-0b6ff5c04099" executionId="424affea-d0d3-45a6-a43b-976f3c0e5225" testListId="8c84fa94-04c1-424b-9868-57a2d4851a1d" />
    <TestEntry testId="e133ad53-9f29-30e8-1ab0-04a4505c5011" executionId="f5b006e2-5f19-420e-805f-db68e1000a16" testListId="8c84fa94-04c1-424b-9868-57a2d4851a1d" />
    <TestEntry testId="ff47b6a6-4796-a75e-3132-2c7dab0480f5" executionId="2fee210b-863f-429f-b6e3-4e3ce710eb1d" testListId="8c84fa94-04c1-424b-9868-57a2d4851a1d" />
  </TestEntries>
  <Results>
    <UnitTestResult executionId="6ed52efa-a77b-42cc-a532-e7d3f65f51ae" testId="07cfb990-a814-0879-61a8-50ce2c29a590" testName="GetPrice_Five_diffent_Four_Equal_Books" computerName="JLUIS-PC" duration="00:00:05.0883524" startTime="2011-11-30T12:41:42.8210996+01:00" endTime="2011-11-30T12:41:49.0747249+01:00" testType="13cdc9d9-ddb5-4fa4-a97d-d965ccfc6d4b" outcome="Failed" testListId="8c84fa94-04c1-424b-9868-57a2d4851a1d" relativeResultsDirectory="6ed52efa-a77b-42cc-a532-e7d3f65f51ae">
      <Output>
        <ErrorInfo>
          <Message>Assert.AreEqual failed. Expected:&lt;51,2&gt;. Actual:&lt;51,6&gt;. </Message>
          <StackTrace>   en CodeKataNovember_Test.BooksTest.GetPrice_Five_diffent_Four_Equal_Books() en c:\users\lgrodriguez\documents\visual studio 2010\Projects\CodeKataNovember\CodeKataNovember_Test\BooksTest.cs:línea 130
</StackTrace>
        </ErrorInfo>
      </Output>
    </UnitTestResult>
    <UnitTestResult executionId="50a33fc4-d594-4739-aaa4-6ea7aed2b3b4" testId="4267a5b0-1d18-75e2-da81-cb30c2487f71" testName="GetPrice_Two_diffent_Books" computerName="JLUIS-PC" duration="00:00:00.0005696" startTime="2011-11-30T12:41:49.1017276+01:00" endTime="2011-11-30T12:41:49.1237298+01:00" testType="13cdc9d9-ddb5-4fa4-a97d-d965ccfc6d4b" outcome="Passed" testListId="8c84fa94-04c1-424b-9868-57a2d4851a1d" relativeResultsDirectory="50a33fc4-d594-4739-aaa4-6ea7aed2b3b4">
    </UnitTestResult>
    <UnitTestResult executionId="7ba61143-3961-41ba-804a-267428709f85" testId="496b2e24-28ad-4927-f275-76767bc27550" testName="GetPrice_Three_diffent_One_Equal_Books" computerName="JLUIS-PC" duration="00:00:00.0005448" startTime="2011-11-30T12:41:49.1357310+01:00" endTime="2011-11-30T12:41:49.1467321+01:00" testType="13cdc9d9-ddb5-4fa4-a97d-d965ccfc6d4b" outcome="Passed" testListId="8c84fa94-04c1-424b-9868-57a2d4851a1d" relativeResultsDirectory="7ba61143-3961-41ba-804a-267428709f85">
    </UnitTestResult>
    <UnitTestResult executionId="05ed9ee6-2728-4a68-b814-a0b290bf4ec0" testId="9510fd6b-6f82-48cf-247e-d5d273b47e93" testName="GetPrice_Four_diffent_One_Equal_Books" computerName="JLUIS-PC" duration="00:00:00.0005063" startTime="2011-11-30T12:41:49.1557330+01:00" endTime="2011-11-30T12:41:49.1667341+01:00" testType="13cdc9d9-ddb5-4fa4-a97d-d965ccfc6d4b" outcome="Passed" testListId="8c84fa94-04c1-424b-9868-57a2d4851a1d" relativeResultsDirectory="05ed9ee6-2728-4a68-b814-a0b290bf4ec0">
    </UnitTestResult>
    <UnitTestResult executionId="424affea-d0d3-45a6-a43b-976f3c0e5225" testId="d0cbfbfa-2157-8259-1cf6-0b6ff5c04099" testName="GetPrice_One_Book" computerName="JLUIS-PC" duration="00:00:00.0477792" startTime="2011-11-30T12:41:49.1897364+01:00" endTime="2011-11-30T12:41:49.2527427+01:00" testType="13cdc9d9-ddb5-4fa4-a97d-d965ccfc6d4b" outcome="Passed" testListId="8c84fa94-04c1-424b-9868-57a2d4851a1d" relativeResultsDirectory="424affea-d0d3-45a6-a43b-976f3c0e5225">
    </UnitTestResult>
    <UnitTestResult executionId="f5b006e2-5f19-420e-805f-db68e1000a16" testId="e133ad53-9f29-30e8-1ab0-04a4505c5011" testName="GetPrice_Four_diffent_Three_Equal_Books" computerName="JLUIS-PC" duration="00:00:00.0004126" startTime="2011-11-30T12:41:49.2607435+01:00" endTime="2011-11-30T12:41:49.2717446+01:00" testType="13cdc9d9-ddb5-4fa4-a97d-d965ccfc6d4b" outcome="Passed" testListId="8c84fa94-04c1-424b-9868-57a2d4851a1d" relativeResultsDirectory="f5b006e2-5f19-420e-805f-db68e1000a16">
    </UnitTestResult>
    <UnitTestResult executionId="2fee210b-863f-429f-b6e3-4e3ce710eb1d" testId="ff47b6a6-4796-a75e-3132-2c7dab0480f5" testName="GetPrice_Three_diffent_Books" computerName="JLUIS-PC" duration="00:00:00.0003750" startTime="2011-11-30T12:41:49.2817456+01:00" endTime="2011-11-30T12:41:49.2937468+01:00" testType="13cdc9d9-ddb5-4fa4-a97d-d965ccfc6d4b" outcome="Passed" testListId="8c84fa94-04c1-424b-9868-57a2d4851a1d" relativeResultsDirectory="2fee210b-863f-429f-b6e3-4e3ce710eb1d">
    </UnitTestResult>
  </Results>
</TestRun>