<?xml version="1.0" encoding="UTF-8"?>
<TestRun id="dfd1a5da-914d-4386-88b0-eec32a8edac7" name="lgrodriguez@JLUIS-PC 2011-11-30 12:30:55" runUser="TEAMPRO\lgrodriguez" xmlns="http://microsoft.com/schemas/VisualStudio/TeamTest/2010">
  <TestSettings name="Local" id="5e058b59-d295-461c-8811-f255c864e834">
    <Description>These are default test settings for a local test run.</Description>
    <Deployment enabled="false" runDeploymentRoot="lgrodriguez_JLUIS-PC 2011-11-30 12_30_55">
      <DeploymentItem filename="c:\users\lgrodriguez\documents\visual studio 2010\Projects\CodeKataNovember\CodeKataNovember\bin\Debug\CodeKataNovember.exe" />
    </Deployment>
    <Execution>
      <TestTypeSpecific />
      <AgentRule name="Execution Agents">
      </AgentRule>
    </Execution>
  </TestSettings>
  <Times creation="2011-11-30T12:30:55.2973537+01:00" queuing="2011-11-30T12:30:56.3174557+01:00" start="2011-11-30T12:30:56.4194659+01:00" finish="2011-11-30T12:30:57.9296169+01:00" />
  <ResultSummary outcome="Completed">
    <Counters total="5" executed="5" passed="5" error="0" failed="0" timeout="0" aborted="0" inconclusive="0" passedButRunAborted="0" notRunnable="0" notExecuted="0" disconnected="0" warning="0" completed="0" inProgress="0" pending="0" />
  </ResultSummary>
  <TestDefinitions>
    <UnitTest name="GetPrice_Four_diffent_One_Equal_Books" storage="c:\users\lgrodriguez\documents\visual studio 2010\projects\codekatanovember\codekatanovember_test\bin\debug\codekatanovember_test.dll" id="9510fd6b-6f82-48cf-247e-d5d273b47e93">
      <Execution id="b89de987-777f-402f-abd2-36a4a828c13f" />
      <TestMethod codeBase="c:/users/lgrodriguez/documents/visual studio 2010/Projects/CodeKataNovember/CodeKataNovember_Test/bin/Debug/CodeKataNovember_Test.DLL" adapterTypeName="Microsoft.VisualStudio.TestTools.TestTypes.Unit.UnitTestAdapter, Microsoft.VisualStudio.QualityTools.Tips.UnitTest.Adapter, Version=10.0.0.0, Culture=neutral, PublicKeyToken=b03f5f7f11d50a3a" className="CodeKataNovember_Test.BooksTest, CodeKataNovember_Test, Version=1.0.0.0, Culture=neutral, PublicKeyToken=null" name="GetPrice_Four_diffent_One_Equal_Books" />
    </UnitTest>
    <UnitTest name="GetPrice_Three_diffent_One_Equal_Books" storage="c:\users\lgrodriguez\documents\visual studio 2010\projects\codekatanovember\codekatanovember_test\bin\debug\codekatanovember_test.dll" id="496b2e24-28ad-4927-f275-76767bc27550">
      <Execution id="4118748c-0748-4816-aa6e-5a1446b5b414" />
      <TestMethod codeBase="c:/users/lgrodriguez/documents/visual studio 2010/Projects/CodeKataNovember/CodeKataNovember_Test/bin/Debug/CodeKataNovember_Test.DLL" adapterTypeName="Microsoft.VisualStudio.TestTools.TestTypes.Unit.UnitTestAdapter, Microsoft.VisualStudio.QualityTools.Tips.UnitTest.Adapter, Version=10.0.0.0, Culture=neutral, PublicKeyToken=b03f5f7f11d50a3a" className="CodeKataNovember_Test.BooksTest, CodeKataNovember_Test, Version=1.0.0.0, Culture=neutral, PublicKeyToken=null" name="GetPrice_Three_diffent_One_Equal_Books" />
    </UnitTest>
    <UnitTest name="GetPrice_One_Book" storage="c:\users\lgrodriguez\documents\visual studio 2010\projects\codekatanovember\codekatanovember_test\bin\debug\codekatanovember_test.dll" id="d0cbfbfa-2157-8259-1cf6-0b6ff5c04099">
      <Execution id="8dfea722-def9-41dd-be91-07269ebff134" />
      <TestMethod codeBase="c:/users/lgrodriguez/documents/visual studio 2010/Projects/CodeKataNovember/CodeKataNovember_Test/bin/Debug/CodeKataNovember_Test.DLL" adapterTypeName="Microsoft.VisualStudio.TestTools.TestTypes.Unit.UnitTestAdapter, Microsoft.VisualStudio.QualityTools.Tips.UnitTest.Adapter, Version=10.0.0.0, Culture=neutral, PublicKeyToken=b03f5f7f11d50a3a" className="CodeKataNovember_Test.BooksTest, CodeKataNovember_Test, Version=1.0.0.0, Culture=neutral, PublicKeyToken=null" name="GetPrice_One_Book" />
    </UnitTest>
    <UnitTest name="GetPrice_Three_diffent_Books" storage="c:\users\lgrodriguez\documents\visual studio 2010\projects\codekatanovember\codekatanovember_test\bin\debug\codekatanovember_test.dll" id="ff47b6a6-4796-a75e-3132-2c7dab0480f5">
      <Execution id="05c3d718-2716-458d-9efd-e3da0b06380a" />
      <TestMethod codeBase="c:/users/lgrodriguez/documents/visual studio 2010/Projects/CodeKataNovember/CodeKataNovember_Test/bin/Debug/CodeKataNovember_Test.DLL" adapterTypeName="Microsoft.VisualStudio.TestTools.TestTypes.Unit.UnitTestAdapter, Microsoft.VisualStudio.QualityTools.Tips.UnitTest.Adapter, Version=10.0.0.0, Culture=neutral, PublicKeyToken=b03f5f7f11d50a3a" className="CodeKataNovember_Test.BooksTest, CodeKataNovember_Test, Version=1.0.0.0, Culture=neutral, PublicKeyToken=null" name="GetPrice_Three_diffent_Books" />
    </UnitTest>
    <UnitTest name="GetPrice_Two_diffent_Books" storage="c:\users\lgrodriguez\documents\visual studio 2010\projects\codekatanovember\codekatanovember_test\bin\debug\codekatanovember_test.dll" id="4267a5b0-1d18-75e2-da81-cb30c2487f71">
      <Execution id="ff715998-67d9-4981-8db0-7287fadebf6d" />
      <TestMethod codeBase="c:/users/lgrodriguez/documents/visual studio 2010/Projects/CodeKataNovember/CodeKataNovember_Test/bin/Debug/CodeKataNovember_Test.DLL" adapterTypeName="Microsoft.VisualStudio.TestTools.TestTypes.Unit.UnitTestAdapter, Microsoft.VisualStudio.QualityTools.Tips.UnitTest.Adapter, Version=10.0.0.0, Culture=neutral, PublicKeyToken=b03f5f7f11d50a3a" className="CodeKataNovember_Test.BooksTest, CodeKataNovember_Test, Version=1.0.0.0, Culture=neutral, PublicKeyToken=null" name="GetPrice_Two_diffent_Books" />
    </UnitTest>
  </TestDefinitions>
  <TestLists>
    <TestList name="Results Not in a List" id="8c84fa94-04c1-424b-9868-57a2d4851a1d" />
    <TestList name="All Loaded Results" id="19431567-8539-422a-85d7-44ee4e166bda" />
  </TestLists>
  <TestEntries>
    <TestEntry testId="4267a5b0-1d18-75e2-da81-cb30c2487f71" executionId="ff715998-67d9-4981-8db0-7287fadebf6d" testListId="8c84fa94-04c1-424b-9868-57a2d4851a1d" />
    <TestEntry testId="496b2e24-28ad-4927-f275-76767bc27550" executionId="4118748c-0748-4816-aa6e-5a1446b5b414" testListId="8c84fa94-04c1-424b-9868-57a2d4851a1d" />
    <TestEntry testId="9510fd6b-6f82-48cf-247e-d5d273b47e93" executionId="b89de987-777f-402f-abd2-36a4a828c13f" testListId="8c84fa94-04c1-424b-9868-57a2d4851a1d" />
    <TestEntry testId="d0cbfbfa-2157-8259-1cf6-0b6ff5c04099" executionId="8dfea722-def9-41dd-be91-07269ebff134" testListId="8c84fa94-04c1-424b-9868-57a2d4851a1d" />
    <TestEntry testId="ff47b6a6-4796-a75e-3132-2c7dab0480f5" executionId="05c3d718-2716-458d-9efd-e3da0b06380a" testListId="8c84fa94-04c1-424b-9868-57a2d4851a1d" />
  </TestEntries>
  <Results>
    <UnitTestResult executionId="ff715998-67d9-4981-8db0-7287fadebf6d" testId="4267a5b0-1d18-75e2-da81-cb30c2487f71" testName="GetPrice_Two_diffent_Books" computerName="JLUIS-PC" duration="00:00:00.0274609" startTime="2011-11-30T12:30:56.4904730+01:00" endTime="2011-11-30T12:30:57.7305970+01:00" testType="13cdc9d9-ddb5-4fa4-a97d-d965ccfc6d4b" outcome="Passed" testListId="8c84fa94-04c1-424b-9868-57a2d4851a1d" relativeResultsDirectory="ff715998-67d9-4981-8db0-7287fadebf6d">
    </UnitTestResult>
    <UnitTestResult executionId="4118748c-0748-4816-aa6e-5a1446b5b414" testId="496b2e24-28ad-4927-f275-76767bc27550" testName="GetPrice_Three_diffent_One_Equal_Books" computerName="JLUIS-PC" duration="00:00:00.0004096" startTime="2011-11-30T12:30:57.7425982+01:00" endTime="2011-11-30T12:30:57.7545994+01:00" testType="13cdc9d9-ddb5-4fa4-a97d-d965ccfc6d4b" outcome="Passed" testListId="8c84fa94-04c1-424b-9868-57a2d4851a1d" relativeResultsDirectory="4118748c-0748-4816-aa6e-5a1446b5b414">
    </UnitTestResult>
    <UnitTestResult executionId="b89de987-777f-402f-abd2-36a4a828c13f" testId="9510fd6b-6f82-48cf-247e-d5d273b47e93" testName="GetPrice_Four_diffent_One_Equal_Books" computerName="JLUIS-PC" duration="00:00:00.0003853" startTime="2011-11-30T12:30:57.7646004+01:00" endTime="2011-11-30T12:30:57.7776017+01:00" testType="13cdc9d9-ddb5-4fa4-a97d-d965ccfc6d4b" outcome="Passed" testListId="8c84fa94-04c1-424b-9868-57a2d4851a1d" relativeResultsDirectory="b89de987-777f-402f-abd2-36a4a828c13f">
    </UnitTestResult>
    <UnitTestResult executionId="8dfea722-def9-41dd-be91-07269ebff134" testId="d0cbfbfa-2157-8259-1cf6-0b6ff5c04099" testName="GetPrice_One_Book" computerName="JLUIS-PC" duration="00:00:00.0004203" startTime="2011-11-30T12:30:57.7876027+01:00" endTime="2011-11-30T12:30:57.8086048+01:00" testType="13cdc9d9-ddb5-4fa4-a97d-d965ccfc6d4b" outcome="Passed" testListId="8c84fa94-04c1-424b-9868-57a2d4851a1d" relativeResultsDirectory="8dfea722-def9-41dd-be91-07269ebff134">
    </UnitTestResult>
    <UnitTestResult executionId="05c3d718-2716-458d-9efd-e3da0b06380a" testId="ff47b6a6-4796-a75e-3132-2c7dab0480f5" testName="GetPrice_Three_diffent_Books" computerName="JLUIS-PC" duration="00:00:00.0003938" startTime="2011-11-30T12:30:57.8176057+01:00" endTime="2011-11-30T12:30:57.8276067+01:00" testType="13cdc9d9-ddb5-4fa4-a97d-d965ccfc6d4b" outcome="Passed" testListId="8c84fa94-04c1-424b-9868-57a2d4851a1d" relativeResultsDirectory="05c3d718-2716-458d-9efd-e3da0b06380a">
    </UnitTestResult>
  </Results>
</TestRun>